Component: ARM Compiler 6.10.1 Tool: armlink [5d142800]

==============================================================================

Section Cross References

    startup_stm32h723xx.o(STACK) refers (Special) to heapauxi.o(.text) for __use_two_region_memory
    startup_stm32h723xx.o(HEAP) refers (Special) to heapauxi.o(.text) for __use_two_region_memory
    startup_stm32h723xx.o(RESET) refers (Special) to heapauxi.o(.text) for __use_two_region_memory
    startup_stm32h723xx.o(RESET) refers to startup_stm32h723xx.o(STACK) for __initial_sp
    startup_stm32h723xx.o(RESET) refers to startup_stm32h723xx.o(.text) for Reset_Handler
    startup_stm32h723xx.o(RESET) refers to stm32h7xx_it.o(.text.NMI_Handler) for NMI_Handler
    startup_stm32h723xx.o(RESET) refers to stm32h7xx_it.o(.text.HardFault_Handler) for HardFault_Handler
    startup_stm32h723xx.o(RESET) refers to stm32h7xx_it.o(.text.MemManage_Handler) for MemManage_Handler
    startup_stm32h723xx.o(RESET) refers to stm32h7xx_it.o(.text.BusFault_Handler) for BusFault_Handler
    startup_stm32h723xx.o(RESET) refers to stm32h7xx_it.o(.text.UsageFault_Handler) for UsageFault_Handler
    startup_stm32h723xx.o(RESET) refers to port.o(.text.SVC_Handler) for SVC_Handler
    startup_stm32h723xx.o(RESET) refers to stm32h7xx_it.o(.text.DebugMon_Handler) for DebugMon_Handler
    startup_stm32h723xx.o(RESET) refers to port.o(.text.PendSV_Handler) for PendSV_Handler
    startup_stm32h723xx.o(RESET) refers to cmsis_os2.o(.text.SysTick_Handler) for SysTick_Handler
    startup_stm32h723xx.o(RESET) refers to stm32h7xx_it.o(.text.TIM1_UP_IRQHandler) for TIM1_UP_IRQHandler
    startup_stm32h723xx.o(RESET) refers to stm32h7xx_it.o(.text.USART2_IRQHandler) for USART2_IRQHandler
    startup_stm32h723xx.o(RESET) refers to stm32h7xx_it.o(.text.USART3_IRQHandler) for USART3_IRQHandler
    startup_stm32h723xx.o(RESET) refers to stm32h7xx_it.o(.text.TIM5_IRQHandler) for TIM5_IRQHandler
    startup_stm32h723xx.o(RESET) refers to stm32h7xx_it.o(.text.OTG_HS_IRQHandler) for OTG_HS_IRQHandler
    startup_stm32h723xx.o(.text) refers (Special) to heapauxi.o(.text) for __use_two_region_memory
    startup_stm32h723xx.o(.text) refers to system_stm32h7xx.o(.text.ExitRun0Mode) for ExitRun0Mode
    startup_stm32h723xx.o(.text) refers to system_stm32h7xx.o(.text.SystemInit) for SystemInit
    startup_stm32h723xx.o(.text) refers to __main.o(!!!main) for __main
    startup_stm32h723xx.o(.text) refers to startup_stm32h723xx.o(HEAP) for Heap_Mem
    startup_stm32h723xx.o(.text) refers to startup_stm32h723xx.o(STACK) for Stack_Mem
    main.o(.text.main) refers to stm32h7xx_hal_cortex.o(.text.HAL_MPU_Disable) for HAL_MPU_Disable
    main.o(.text.main) refers to stm32h7xx_hal_cortex.o(.text.HAL_MPU_ConfigRegion) for HAL_MPU_ConfigRegion
    main.o(.text.main) refers to stm32h7xx_hal_cortex.o(.text.HAL_MPU_Enable) for HAL_MPU_Enable
    main.o(.text.main) refers to stm32h7xx_hal.o(.text.HAL_Init) for HAL_Init
    main.o(.text.main) refers to main.o(.text.SystemClock_Config) for SystemClock_Config
    main.o(.text.main) refers to gpio.o(.text.MX_GPIO_Init) for MX_GPIO_Init
    main.o(.text.main) refers to usart.o(.text.MX_USART2_UART_Init) for MX_USART2_UART_Init
    main.o(.text.main) refers to usart.o(.text.MX_USART3_UART_Init) for MX_USART3_UART_Init
    main.o(.text.main) refers to tim.o(.text.MX_TIM4_Init) for MX_TIM4_Init
    main.o(.text.main) refers to tim.o(.text.MX_TIM5_Init) for MX_TIM5_Init
    main.o(.text.main) refers to cmsis_os2.o(.text.osKernelInitialize) for osKernelInitialize
    main.o(.text.main) refers to freertos.o(.text.MX_FREERTOS_Init) for MX_FREERTOS_Init
    main.o(.text.main) refers to cmsis_os2.o(.text.osKernelStart) for osKernelStart
    main.o(.ARM.exidx.text.main) refers to main.o(.text.main) for [Anonymous Symbol]
    main.o(.text.SystemClock_Config) refers to rt_memclr_w.o(.text) for __aeabi_memclr4
    main.o(.text.SystemClock_Config) refers to stm32h7xx_hal_pwr_ex.o(.text.HAL_PWREx_ConfigSupply) for HAL_PWREx_ConfigSupply
    main.o(.text.SystemClock_Config) refers to stm32h7xx_hal_rcc.o(.text.HAL_RCC_OscConfig) for HAL_RCC_OscConfig
    main.o(.text.SystemClock_Config) refers to stm32h7xx_hal_rcc.o(.text.HAL_RCC_ClockConfig) for HAL_RCC_ClockConfig
    main.o(.ARM.exidx.text.SystemClock_Config) refers to main.o(.text.SystemClock_Config) for [Anonymous Symbol]
    main.o(.ARM.exidx.text.Error_Handler) refers to main.o(.text.Error_Handler) for [Anonymous Symbol]
    main.o(.text.HAL_TIM_PeriodElapsedCallback) refers to stm32h7xx_hal.o(.text.HAL_IncTick) for HAL_IncTick
    main.o(.ARM.exidx.text.HAL_TIM_PeriodElapsedCallback) refers to main.o(.text.HAL_TIM_PeriodElapsedCallback) for [Anonymous Symbol]
    gpio.o(.text.MX_GPIO_Init) refers to stm32h7xx_hal_gpio.o(.text.HAL_GPIO_WritePin) for HAL_GPIO_WritePin
    gpio.o(.text.MX_GPIO_Init) refers to stm32h7xx_hal_gpio.o(.text.HAL_GPIO_Init) for HAL_GPIO_Init
[...]
    tasks.o(.text.xTaskCreate) refers to tasks.o(.text.prvAddNewTaskToReadyList) for prvAddNewTaskToReadyList
    tasks.o(.text.xTaskCreate) refers to heap_4.o(.text.vPortFree) for vPortFree
    tasks.o(.ARM.exidx.text.xTaskCreate) refers to tasks.o(.text.xTaskCreate) for [Anonymous Symbol]
    tasks.o(.text.vTaskDelete) refers to port.o(.text.vPortEnterCritical) for vPortEnterCritical
    tasks.o(.text.vTaskDelete) refers to list.o(.text.uxListRemove) for uxListRemove
    tasks.o(.text.vTaskDelete) refers to tasks.o(.text.prvDeleteTCB) for prvDeleteTCB
    tasks.o(.text.vTaskDelete) refers to tasks.o(.text.prvResetNextTaskUnblockTime) for prvResetNextTaskUnblockTime
    tasks.o(.text.vTaskDelete) refers to list.o(.text.vListInsertEnd) for vListInsertEnd
    tasks.o(.text.vTaskDelete) refers to port.o(.text.vPortExitCritical) for vPortExitCritical
    tasks.o(.text.vTaskDelete) refers to tasks.o(.bss.pxCurrentTCB) for pxCurrentTCB
    tasks.o(.text.vTaskDelete) refers to tasks.o(.bss..L_MergedGlobals) for [Anonymous Symbol]
    tasks.o(.ARM.exidx.text.vTaskDelete) refers to tasks.o(.text.vTaskDelete) for [Anonymous Symbol]
    tasks.o(.text.prvDeleteTCB) refers to heap_4.o(.text.vPortFree) for vPortFree
    tasks.o(.ARM.exidx.text.prvDeleteTCB) refers to tasks.o(.text.prvDeleteTCB) for [Anonymous Symbol]
    tasks.o(.text.prvResetNextTaskUnblockTime) refers to tasks.o(.bss..L_MergedGlobals) for [Anonymous Symbol]
    tasks.o(.ARM.exidx.text.prvResetNextTaskUnblockTime) refers to tasks.o(.text.prvResetNextTaskUnblockTime) for [Anonymous Symbol]
    tasks.o(.text.vTaskDelayUntil) refers to tasks.o(.text.prvAddCurrentTaskToDelayedList) for prvAddCurrentTaskToDelayedList
    tasks.o(.text.vTaskDelayUntil) refers to tasks.o(.text.xTaskResumeAll) for xTaskResumeAll
    tasks.o(.text.vTaskDelayUntil) refers to tasks.o(.bss..L_MergedGlobals) for [Anonymous Symbol]
    tasks.o(.ARM.exidx.text.vTaskDelayUntil) refers to tasks.o(.text.vTaskDelayUntil) for [Anonymous Symbol]
    tasks.o(.text.vTaskSuspendAll) refers to tasks.o(.bss..L_MergedGlobals) for [Anonymous Symbol]
    tasks.o(.ARM.exidx.text.vTaskSuspendAll) refers to tasks.o(.text.vTaskSuspendAll) for [Anonymous Symbol]
    tasks.o(.text.prvAddCurrentTaskToDelayedList) refers to list.o(.text.uxListRemove) for uxListRemove
    tasks.o(.text.prvAddCurrentTaskToDelayedList) refers to list.o(.text.vListInsertEnd) for vListInsertEnd
    tasks.o(.text.prvAddCurrentTaskToDelayedList) refers to list.o(.text.vListInsert) for vListInsert
    tasks.o(.text.prvAddCurrentTaskToDelayedList) refers to tasks.o(.bss..L_MergedGlobals) for [Anonymous Symbol]
    tasks.o(.text.prvAddCurrentTaskToDelayedList) refers to tasks.o(.bss.pxCurrentTCB) for pxCurrentTCB
    tasks.o(.ARM.exidx.text.prvAddCurrentTaskToDelayedList) refers to tasks.o(.text.prvAddCurrentTaskToDelayedList) for [Anonymous Symbol]
    tasks.o(.text.xTaskResumeAll) refers to port.o(.text.vPortEnterCritical) for vPortEnterCritical
    tasks.o(.text.xTaskResumeAll) refers to port.o(.text.vPortExitCritical) for vPortExitCritical
    tasks.o(.text.xTaskResumeAll) refers to list.o(.text.uxListRemove) for uxListRemove
    tasks.o(.text.xTaskResumeAll) refers to list.o(.text.vListInsertEnd) for vListInsertEnd
    tasks.o(.text.xTaskResumeAll) refers to tasks.o(.text.prvResetNextTaskUnblockTime) for prvResetNextTaskUnblockTime
    tasks.o(.text.xTaskResumeAll) refers to tasks.o(.text.xTaskIncrementTick) for xTaskIncrementTick
    tasks.o(.text.xTaskResumeAll) refers to tasks.o(.bss..L_MergedGlobals) for [Anonymous Symbol]
    tasks.o(.text.xTaskResumeAll) refers to tasks.o(.bss.pxReadyTasksLists) for [Anonymous Symbol]
    tasks.o(.text.xTaskResumeAll) refers to tasks.o(.bss.pxCurrentTCB) for pxCurrentTCB
    tasks.o(.ARM.exidx.text.xTaskResumeAll) refers to tasks.o(.text.xTaskResumeAll) for [Anonymous Symbol]
    tasks.o(.text.vTaskDelay) refers to tasks.o(.text.prvAddCurrentTaskToDelayedList) for prvAddCurrentTaskToDelayedList
    tasks.o(.text.vTaskDelay) refers to tasks.o(.text.xTaskResumeAll) for xTaskResumeAll
    tasks.o(.text.vTaskDelay) refers to tasks.o(.bss..L_MergedGlobals) for [Anonymous Symbol]
    tasks.o(.ARM.exidx.text.vTaskDelay) refers to tasks.o(.text.vTaskDelay) for [Anonymous Symbol]
    tasks.o(.text.eTaskGetState) refers to port.o(.text.vPortEnterCritical) for vPortEnterCritical
    tasks.o(.text.eTaskGetState) refers to port.o(.text.vPortExitCritical) for vPortExitCritical
    tasks.o(.text.eTaskGetState) refers to tasks.o(.bss.pxCurrentTCB) for pxCurrentTCB
    tasks.o(.text.eTaskGetState) refers to tasks.o(.bss..L_MergedGlobals) for [Anonymous Symbol]
    tasks.o(.ARM.exidx.text.eTaskGetState) refers to tasks.o(.text.eTaskGetState) for [Anonymous Symbol]
    tasks.o(.text.uxTaskPriorityGet) refers to port.o(.text.vPortEnterCritical) for vPortEnterCritical
    tasks.o(.text.uxTaskPriorityGet) refers to port.o(.text.vPortExitCritical) for vPortExitCritical
    tasks.o(.text.uxTaskPriorityGet) refers to tasks.o(.bss.pxCurrentTCB) for pxCurrentTCB
    tasks.o(.ARM.exidx.text.uxTaskPriorityGet) refers to tasks.o(.text.uxTaskPriorityGet) for [Anonymous Symbol]
    tasks.o(.text.uxTaskPriorityGetFromISR) refers to port.o(.text.vPortValidateInterruptPriority) for vPortValidateInterruptPriority
    tasks.o(.text.uxTaskPriorityGetFromISR) refers to tasks.o(.bss.pxCurrentTCB) for pxCurrentTCB
    tasks.o(.ARM.exidx.text.uxTaskPriorityGetFromISR) refers to tasks.o(.text.uxTaskPriorityGetFromISR) for [Anonymous Symbol]
    tasks.o(.text.vTaskPrioritySet) refers to port.o(.text.vPortEnterCritical) for vPortEnterCritical
    tasks.o(.text.vTaskPrioritySet) refers to list.o(.text.uxListRemove) for uxListRemove
    tasks.o(.text.vTaskPrioritySet) refers to list.o(.text.vListInsertEnd) for vListInsertEnd
    tasks.o(.text.vTaskPrioritySet) refers to port.o(.text.vPortExitCritical) for vPortExitCritical
    tasks.o(.text.vTaskPrioritySet) refers to tasks.o(.bss.pxCurrentTCB) for pxCurrentTCB
    tasks.o(.text.vTaskPrioritySet) refers to tasks.o(.bss.pxReadyTasksLists) for [Anonymous Symbol]
    tasks.o(.text.vTaskPrioritySet) refers to tasks.o(.bss..L_MergedGlobals) for [Anonymous Symbol]
    tasks.o(.ARM.exidx.text.vTaskPrioritySet) refers to tasks.o(.text.vTaskPrioritySet) for [Anonymous Symbol]
    tasks.o(.text.vTaskSuspend) refers to port.o(.text.vPortEnterCritical) for vPortEnterCritical
    tasks.o(.text.vTaskSuspend) refers to list.o(.text.uxListRemove) for uxListRemove
    tasks.o(.text.vTaskSuspend) refers to list.o(.text.vListInsertEnd) for vListInsertEnd
    tasks.o(.text.vTaskSuspend) refers to port.o(.text.vPortExitCritical) for vPortExitCritical
    tasks.o(.text.vTaskSuspend) refers to tasks.o(.text.prvResetNextTaskUnblockTime) for prvResetNextTaskUnblockTime
    tasks.o(.text.vTaskSuspend) refers to tasks.o(.text.vTaskSwitchContext) for vTaskSwitchContext
    tasks.o(.text.vTaskSuspend) refers to tasks.o(.bss.pxCurrentTCB) for pxCurrentTCB
    tasks.o(.text.vTaskSuspend) refers to tasks.o(.bss..L_MergedGlobals) for [Anonymous Symbol]
    tasks.o(.ARM.exidx.text.vTaskSuspend) refers to tasks.o(.text.vTaskSuspend) for [Anonymous Symbol]
    tasks.o(.text.vTaskSwitchContext) refers to tasks.o(.bss..L_MergedGlobals) for [Anonymous Symbol]
    tasks.o(.text.vTaskSwitchContext) refers to tasks.o(.bss.pxReadyTasksLists) for [Anonymous Symbol]
    tasks.o(.text.vTaskSwitchContext) refers to tasks.o(.bss.pxCurrentTCB) for pxCurrentTCB
    tasks.o(.ARM.exidx.text.vTaskSwitchContext) refers to tasks.o(.text.vTaskSwitchContext) for [Anonymous Symbol]
    tasks.o(.text.vTaskResume) refers to port.o(.text.vPortEnterCritical) for vPortEnterCritical
    tasks.o(.text.vTaskResume) refers to tasks.o(.text.prvTaskIsTaskSuspended) for prvTaskIsTaskSuspended
    tasks.o(.text.vTaskResume) refers to list.o(.text.uxListRemove) for uxListRemove
    tasks.o(.text.vTaskResume) refers to list.o(.text.vListInsertEnd) for vListInsertEnd
    tasks.o(.text.vTaskResume) refers to port.o(.text.vPortExitCritical) for vPortExitCritical
    tasks.o(.text.vTaskResume) refers to tasks.o(.bss.pxCurrentTCB) for pxCurrentTCB
    tasks.o(.text.vTaskResume) refers to tasks.o(.bss..L_MergedGlobals) for [Anonymous Symbol]
    tasks.o(.text.vTaskResume) refers to tasks.o(.bss.pxReadyTasksLists) for [Anonymous Symbol]
    tasks.o(.ARM.exidx.text.vTaskResume) refers to tasks.o(.text.vTaskResume) for [Anonymous Symbol]
    tasks.o(.text.prvTaskIsTaskSuspended) refers to tasks.o(.bss..L_MergedGlobals) for [Anonymous Symbol]
    tasks.o(.ARM.exidx.text.prvTaskIsTaskSuspended) refers to tasks.o(.text.prvTaskIsTaskSuspended) for [Anonymous Symbol]
    tasks.o(.text.xTaskResumeFromISR) refers to port.o(.text.vPortValidateInterruptPriority) for vPortValidateInterruptPriority
    tasks.o(.text.xTaskResumeFromISR) refers to tasks.o(.text.prvTaskIsTaskSuspended) for prvTaskIsTaskSuspended
    tasks.o(.text.xTaskResumeFromISR) refers to list.o(.text.vListInsertEnd) for vListInsertEnd
    tasks.o(.text.xTaskResumeFromISR) refers to list.o(.text.uxListRemove) for uxListRemove
    tasks.o(.text.xTaskResumeFromISR) refers to tasks.o(.bss..L_MergedGlobals) for [Anonymous Symbol]
    tasks.o(.text.xTaskResumeFromISR) refers to tasks.o(.bss.pxCurrentTCB) for pxCurrentTCB
    tasks.o(.text.xTaskResumeFromISR) refers to tasks.o(.bss.pxReadyTasksLists) for [Anonymous Symbol]
    tasks.o(.ARM.exidx.text.xTaskResumeFromISR) refers to tasks.o(.text.xTaskResumeFromISR) for [Anonymous Symbol]
    tasks.o(.text.vTaskStartScheduler) refers to cmsis_os2.o(.text.vApplicationGetIdleTaskMemory) for vApplicationGetIdleTaskMemory
    tasks.o(.text.vTaskStartScheduler) refers to tasks.o(.text.xTaskCreateStatic) for xTaskCreateStatic
    tasks.o(.text.vTaskStartScheduler) refers to timers.o(.text.xTimerCreateTimerTask) for xTimerCreateTimerTask
    tasks.o(.text.vTaskStartScheduler) refers to port.o(.text.xPortStartScheduler) for xPortStartScheduler
    tasks.o(.text.vTaskStartScheduler) refers to tasks.o(.text.prvIdleTask) for prvIdleTask
    tasks.o(.text.vTaskStartScheduler) refers to tasks.o(.bss..L_MergedGlobals) for [Anonymous Symbol]
    tasks.o(.ARM.exidx.text.vTaskStartScheduler) refers to tasks.o(.text.vTaskStartScheduler) for [Anonymous Symbol]
    tasks.o(.text.prvIdleTask) refers to port.o(.text.vPortEnterCritical) for vPortEnterCritical
    tasks.o(.text.prvIdleTask) refers to list.o(.text.uxListRemove) for uxListRemove
    tasks.o(.text.prvIdleTask) refers to port.o(.text.vPortExitCritical) for vPortExitCritical
    tasks.o(.text.prvIdleTask) refers to tasks.o(.text.prvDeleteTCB) for prvDeleteTCB
    tasks.o(.text.prvIdleTask) refers to tasks.o(.bss..L_MergedGlobals) for [Anonymous Symbol]
    tasks.o(.text.prvIdleTask) refers to tasks.o(.bss.pxReadyTasksLists) for [Anonymous Symbol]
    tasks.o(.ARM.exidx.text.prvIdleTask) refers to tasks.o(.text.prvIdleTask) for [Anonymous Symbol]
    tasks.o(.text.vTaskEndScheduler) refers to port.o(.text.vPortEndScheduler) for vPortEndScheduler
    tasks.o(.text.vTaskEndScheduler) refers to tasks.o(.bss..L_MergedGlobals) for [Anonymous Symbol]
    tasks.o(.ARM.exidx.text.vTaskEndScheduler) refers to tasks.o(.text.vTaskEndScheduler) for [Anonymous Symbol]
    tasks.o(.text.xTaskIncrementTick) refers to list.o(.text.uxListRemove) for uxListRemove
    tasks.o(.text.xTaskIncrementTick) refers to list.o(.text.vListInsertEnd) for vListInsertEnd
    tasks.o(.text.xTaskIncrementTick) refers to tasks.o(.text.prvResetNextTaskUnblockTime) for prvResetNextTaskUnblockTime
    tasks.o(.text.xTaskIncrementTick) refers to tasks.o(.bss..L_MergedGlobals) for [Anonymous Symbol]
    tasks.o(.text.xTaskIncrementTick) refers to tasks.o(.bss.pxReadyTasksLists) for [Anonymous Symbol]
    tasks.o(.text.xTaskIncrementTick) refers to tasks.o(.bss.pxCurrentTCB) for pxCurrentTCB
    tasks.o(.ARM.exidx.text.xTaskIncrementTick) refers to tasks.o(.text.xTaskIncrementTick) for [Anonymous Symbol]
    tasks.o(.text.xTaskGetTickCount) refers to tasks.o(.bss..L_MergedGlobals) for [Anonymous Symbol]
    tasks.o(.ARM.exidx.text.xTaskGetTickCount) refers to tasks.o(.text.xTaskGetTickCount) for [Anonymous Symbol]
    tasks.o(.text.xTaskGetTickCountFromISR) refers to port.o(.text.vPortValidateInterruptPriority) for vPortValidateInterruptPriority
    tasks.o(.text.xTaskGetTickCountFromISR) refers to tasks.o(.bss..L_MergedGlobals) for [Anonymous Symbol]
    tasks.o(.ARM.exidx.text.xTaskGetTickCountFromISR) refers to tasks.o(.text.xTaskGetTickCountFromISR) for [Anonymous Symbol]
    tasks.o(.text.uxTaskGetNumberOfTasks) refers to tasks.o(.bss..L_MergedGlobals) for [Anonymous Symbol]
    tasks.o(.ARM.exidx.text.uxTaskGetNumberOfTasks) refers to tasks.o(.text.uxTaskGetNumberOfTasks) for [Anonymous Symbol]
    tasks.o(.text.pcTaskGetName) refers to tasks.o(.bss.pxCurrentTCB) for pxCurrentTCB
    tasks.o(.ARM.exidx.text.pcTaskGetName) refers to tasks.o(.text.pcTaskGetName) for [Anonymous Symbol]
    tasks.o(.text.uxTaskGetSystemState) refers to tasks.o(.text.prvListTasksWithinSingleList) for prvListTasksWithinSingleList
    tasks.o(.text.uxTaskGetSystemState) refers to tasks.o(.text.xTaskResumeAll) for xTaskResumeAll
    tasks.o(.text.uxTaskGetSystemState) refers to tasks.o(.bss..L_MergedGlobals) for [Anonymous Symbol]
    tasks.o(.text.uxTaskGetSystemState) refers to tasks.o(.bss.pxReadyTasksLists) for [Anonymous Symbol]
    tasks.o(.ARM.exidx.text.uxTaskGetSystemState) refers to tasks.o(.text.uxTaskGetSystemState) for [Anonymous Symbol]
    tasks.o(.text.prvListTasksWithinSingleList) refers to tasks.o(.text.vTaskGetInfo) for vTaskGetInfo
    tasks.o(.ARM.exidx.text.prvListTasksWithinSingleList) refers to tasks.o(.text.prvListTasksWithinSingleList) for [Anonymous Symbol]
    tasks.o(.text.xTaskCatchUpTicks) refers to tasks.o(.text.xTaskResumeAll) for xTaskResumeAll
    tasks.o(.text.xTaskCatchUpTicks) refers to tasks.o(.bss..L_MergedGlobals) for [Anonymous Symbol]
    tasks.o(.ARM.exidx.text.xTaskCatchUpTicks) refers to tasks.o(.text.xTaskCatchUpTicks) for [Anonymous Symbol]
    tasks.o(.text.vTaskPlaceOnEventList) refers to list.o(.text.vListInsert) for vListInsert
    tasks.o(.text.vTaskPlaceOnEventList) refers to tasks.o(.text.prvAddCurrentTaskToDelayedList) for prvAddCurrentTaskToDelayedList
    tasks.o(.text.vTaskPlaceOnEventList) refers to tasks.o(.bss.pxCurrentTCB) for pxCurrentTCB
    tasks.o(.ARM.exidx.text.vTaskPlaceOnEventList) refers to tasks.o(.text.vTaskPlaceOnEventList) for [Anonymous Symbol]
    tasks.o(.text.vTaskPlaceOnUnorderedEventList) refers to list.o(.text.vListInsertEnd) for vListInsertEnd
    tasks.o(.text.vTaskPlaceOnUnorderedEventList) refers to tasks.o(.text.prvAddCurrentTaskToDelayedList) for prvAddCurrentTaskToDelayedList
    tasks.o(.text.vTaskPlaceOnUnorderedEventList) refers to tasks.o(.bss..L_MergedGlobals) for [Anonymous Symbol]
    tasks.o(.text.vTaskPlaceOnUnorderedEventList) refers to tasks.o(.bss.pxCurrentTCB) for pxCurrentTCB
    tasks.o(.ARM.exidx.text.vTaskPlaceOnUnorderedEventList) refers to tasks.o(.text.vTaskPlaceOnUnorderedEventList) for [Anonymous Symbol]
    tasks.o(.text.vTaskPlaceOnEventListRestricted) refers to list.o(.text.vListInsertEnd) for vListInsertEnd
    tasks.o(.text.vTaskPlaceOnEventListRestricted) refers to tasks.o(.text.prvAddCurrentTaskToDelayedList) for prvAddCurrentTaskToDelayedList
    tasks.o(.text.vTaskPlaceOnEventListRestricted) refers to tasks.o(.bss.pxCurrentTCB) for pxCurrentTCB
    tasks.o(.ARM.exidx.text.vTaskPlaceOnEventListRestricted) refers to tasks.o(.text.vTaskPlaceOnEventListRestricted) for [Anonymous Symbol]
    tasks.o(.text.xTaskRemoveFromEventList) refers to list.o(.text.uxListRemove) for uxListRemove
    tasks.o(.text.xTaskRemoveFromEventList) refers to list.o(.text.vListInsertEnd) for vListInsertEnd
    tasks.o(.text.xTaskRemoveFromEventList) refers to tasks.o(.bss..L_MergedGlobals) for [Anonymous Symbol]
    tasks.o(.text.xTaskRemoveFromEventList) refers to tasks.o(.bss.pxReadyTasksLists) for [Anonymous Symbol]
    tasks.o(.text.xTaskRemoveFromEventList) refers to tasks.o(.bss.pxCurrentTCB) for pxCurrentTCB
    tasks.o(.ARM.exidx.text.xTaskRemoveFromEventList) refers to tasks.o(.text.xTaskRemoveFromEventList) for [Anonymous Symbol]
    tasks.o(.text.vTaskRemoveFromUnorderedEventList) refers to list.o(.text.uxListRemove) for uxListRemove
    tasks.o(.text.vTaskRemoveFromUnorderedEventList) refers to list.o(.text.vListInsertEnd) for vListInsertEnd
    tasks.o(.text.vTaskRemoveFromUnorderedEventList) refers to tasks.o(.bss..L_MergedGlobals) for [Anonymous Symbol]
    tasks.o(.text.vTaskRemoveFromUnorderedEventList) refers to tasks.o(.bss.pxReadyTasksLists) for [Anonymous Symbol]
    tasks.o(.text.vTaskRemoveFromUnorderedEventList) refers to tasks.o(.bss.pxCurrentTCB) for pxCurrentTCB
    tasks.o(.ARM.exidx.text.vTaskRemoveFromUnorderedEventList) refers to tasks.o(.text.vTaskRemoveFromUnorderedEventList) for [Anonymous Symbol]
    tasks.o(.text.vTaskSetTimeOutState) refers to port.o(.text.vPortEnterCritical) for vPortEnterCritical
    tasks.o(.text.vTaskSetTimeOutState) refers to port.o(.text.vPortExitCritical) for vPortExitCritical
    tasks.o(.text.vTaskSetTimeOutState) refers to tasks.o(.bss..L_MergedGlobals) for [Anonymous Symbol]
    tasks.o(.ARM.exidx.text.vTaskSetTimeOutState) refers to tasks.o(.text.vTaskSetTimeOutState) for [Anonymous Symbol]
    tasks.o(.text.vTaskInternalSetTimeOutState) refers to tasks.o(.bss..L_MergedGlobals) for [Anonymous Symbol]
    tasks.o(.ARM.exidx.text.vTaskInternalSetTimeOutState) refers to tasks.o(.text.vTaskInternalSetTimeOutState) for [Anonymous Symbol]
    tasks.o(.text.xTaskCheckForTimeOut) refers to port.o(.text.vPortEnterCritical) for vPortEnterCritical
    tasks.o(.text.xTaskCheckForTimeOut) refers to port.o(.text.vPortExitCritical) for vPortExitCritical
    tasks.o(.text.xTaskCheckForTimeOut) refers to tasks.o(.bss..L_MergedGlobals) for [Anonymous Symbol]
    tasks.o(.ARM.exidx.text.xTaskCheckForTimeOut) refers to tasks.o(.text.xTaskCheckForTimeOut) for [Anonymous Symbol]
    tasks.o(.text.vTaskMissedYield) refers to tasks.o(.bss..L_MergedGlobals) for [Anonymous Symbol]
    tasks.o(.ARM.exidx.text.vTaskMissedYield) refers to tasks.o(.text.vTaskMissedYield) for [Anonymous Symbol]
    tasks.o(.ARM.exidx.text.uxTaskGetTaskNumber) refers to tasks.o(.text.uxTaskGetTaskNumber) for [Anonymous Symbol]
    tasks.o(.ARM.exidx.text.vTaskSetTaskNumber) refers to tasks.o(.text.vTaskSetTaskNumber) for [Anonymous Symbol]
    tasks.o(.text.vTaskGetInfo) refers to tasks.o(.text.eTaskGetState) for eTaskGetState
    tasks.o(.text.vTaskGetInfo) refers to tasks.o(.text.xTaskResumeAll) for xTaskResumeAll
    tasks.o(.text.vTaskGetInfo) refers to tasks.o(.bss.pxCurrentTCB) for pxCurrentTCB
    tasks.o(.text.vTaskGetInfo) refers to tasks.o(.bss..L_MergedGlobals) for [Anonymous Symbol]
    tasks.o(.ARM.exidx.text.vTaskGetInfo) refers to tasks.o(.text.vTaskGetInfo) for [Anonymous Symbol]
    tasks.o(.text.uxTaskGetStackHighWaterMark) refers to tasks.o(.bss.pxCurrentTCB) for pxCurrentTCB
    tasks.o(.ARM.exidx.text.uxTaskGetStackHighWaterMark) refers to tasks.o(.text.uxTaskGetStackHighWaterMark) for [Anonymous Symbol]
    tasks.o(.text.xTaskGetCurrentTaskHandle) refers to tasks.o(.bss.pxCurrentTCB) for pxCurrentTCB
    tasks.o(.ARM.exidx.text.xTaskGetCurrentTaskHandle) refers to tasks.o(.text.xTaskGetCurrentTaskHandle) for [Anonymous Symbol]
    tasks.o(.text.xTaskGetSchedulerState) refers to tasks.o(.bss..L_MergedGlobals) for [Anonymous Symbol]
    tasks.o(.ARM.exidx.text.xTaskGetSchedulerState) refers to tasks.o(.text.xTaskGetSchedulerState) for [Anonymous Symbol]
    tasks.o(.text.xTaskPriorityInherit) refers to list.o(.text.uxListRemove) for uxListRemove
    tasks.o(.text.xTaskPriorityInherit) refers to list.o(.text.vListInsertEnd) for vListInsertEnd
    tasks.o(.text.xTaskPriorityInherit) refers to tasks.o(.bss.pxCurrentTCB) for pxCurrentTCB
    tasks.o(.text.xTaskPriorityInherit) refers to tasks.o(.bss.pxReadyTasksLists) for [Anonymous Symbol]
    tasks.o(.text.xTaskPriorityInherit) refers to tasks.o(.bss..L_MergedGlobals) for [Anonymous Symbol]
    tasks.o(.ARM.exidx.text.xTaskPriorityInherit) refers to tasks.o(.text.xTaskPriorityInherit) for [Anonymous Symbol]
    tasks.o(.text.xTaskPriorityDisinherit) refers to list.o(.text.uxListRemove) for uxListRemove
    tasks.o(.text.xTaskPriorityDisinherit) refers to list.o(.text.vListInsertEnd) for vListInsertEnd
    tasks.o(.text.xTaskPriorityDisinherit) refers to tasks.o(.bss.pxCurrentTCB) for pxCurrentTCB
    tasks.o(.text.xTaskPriorityDisinherit) refers to tasks.o(.bss..L_MergedGlobals) for [Anonymous Symbol]
    tasks.o(.text.xTaskPriorityDisinherit) refers to tasks.o(.bss.pxReadyTasksLists) for [Anonymous Symbol]
    tasks.o(.ARM.exidx.text.xTaskPriorityDisinherit) refers to tasks.o(.text.xTaskPriorityDisinherit) for [Anonymous Symbol]
    tasks.o(.text.vTaskPriorityDisinheritAfterTimeout) refers to list.o(.text.uxListRemove) for uxListRemove
    tasks.o(.text.vTaskPriorityDisinheritAfterTimeout) refers to list.o(.text.vListInsertEnd) for vListInsertEnd
    tasks.o(.text.vTaskPriorityDisinheritAfterTimeout) refers to tasks.o(.bss.pxCurrentTCB) for pxCurrentTCB
    tasks.o(.text.vTaskPriorityDisinheritAfterTimeout) refers to tasks.o(.bss.pxReadyTasksLists) for [Anonymous Symbol]
    tasks.o(.text.vTaskPriorityDisinheritAfterTimeout) refers to tasks.o(.bss..L_MergedGlobals) for [Anonymous Symbol]
    tasks.o(.ARM.exidx.text.vTaskPriorityDisinheritAfterTimeout) refers to tasks.o(.text.vTaskPriorityDisinheritAfterTimeout) for [Anonymous Symbol]
    tasks.o(.text.uxTaskResetEventItemValue) refers to tasks.o(.bss.pxCurrentTCB) for pxCurrentTCB
    tasks.o(.ARM.exidx.text.uxTaskResetEventItemValue) refers to tasks.o(.text.uxTaskResetEventItemValue) for [Anonymous Symbol]
    tasks.o(.text.pvTaskIncrementMutexHeldCount) refers to tasks.o(.bss.pxCurrentTCB) for pxCurrentTCB
    tasks.o(.ARM.exidx.text.pvTaskIncrementMutexHeldCount) refers to tasks.o(.text.pvTaskIncrementMutexHeldCount) for [Anonymous Symbol]
    tasks.o(.text.ulTaskNotifyTake) refers to port.o(.text.vPortEnterCritical) for vPortEnterCritical
    tasks.o(.text.ulTaskNotifyTake) refers to tasks.o(.text.prvAddCurrentTaskToDelayedList) for prvAddCurrentTaskToDelayedList
    tasks.o(.text.ulTaskNotifyTake) refers to port.o(.text.vPortExitCritical) for vPortExitCritical
    tasks.o(.text.ulTaskNotifyTake) refers to tasks.o(.bss.pxCurrentTCB) for pxCurrentTCB
    tasks.o(.ARM.exidx.text.ulTaskNotifyTake) refers to tasks.o(.text.ulTaskNotifyTake) for [Anonymous Symbol]
    tasks.o(.text.xTaskNotifyWait) refers to port.o(.text.vPortEnterCritical) for vPortEnterCritical
    tasks.o(.text.xTaskNotifyWait) refers to tasks.o(.text.prvAddCurrentTaskToDelayedList) for prvAddCurrentTaskToDelayedList
    tasks.o(.text.xTaskNotifyWait) refers to port.o(.text.vPortExitCritical) for vPortExitCritical
    tasks.o(.text.xTaskNotifyWait) refers to tasks.o(.bss.pxCurrentTCB) for pxCurrentTCB
    tasks.o(.ARM.exidx.text.xTaskNotifyWait) refers to tasks.o(.text.xTaskNotifyWait) for [Anonymous Symbol]
    tasks.o(.text.xTaskGenericNotify) refers to port.o(.text.vPortEnterCritical) for vPortEnterCritical
    tasks.o(.text.xTaskGenericNotify) refers to list.o(.text.uxListRemove) for uxListRemove
    tasks.o(.text.xTaskGenericNotify) refers to list.o(.text.vListInsertEnd) for vListInsertEnd
    tasks.o(.text.xTaskGenericNotify) refers to port.o(.text.vPortExitCritical) for vPortExitCritical
    tasks.o(.text.xTaskGenericNotify) refers to tasks.o(.bss..L_MergedGlobals) for [Anonymous Symbol]
    tasks.o(.text.xTaskGenericNotify) refers to tasks.o(.bss.pxReadyTasksLists) for [Anonymous Symbol]
    tasks.o(.text.xTaskGenericNotify) refers to tasks.o(.bss.pxCurrentTCB) for pxCurrentTCB
    tasks.o(.ARM.exidx.text.xTaskGenericNotify) refers to tasks.o(.text.xTaskGenericNotify) for [Anonymous Symbol]
    tasks.o(.text.xTaskGenericNotifyFromISR) refers to port.o(.text.vPortValidateInterruptPriority) for vPortValidateInterruptPriority
    tasks.o(.text.xTaskGenericNotifyFromISR) refers to list.o(.text.vListInsertEnd) for vListInsertEnd
    tasks.o(.text.xTaskGenericNotifyFromISR) refers to list.o(.text.uxListRemove) for uxListRemove
    tasks.o(.text.xTaskGenericNotifyFromISR) refers to tasks.o(.bss..L_MergedGlobals) for [Anonymous Symbol]
    tasks.o(.text.xTaskGenericNotifyFromISR) refers to tasks.o(.bss.pxReadyTasksLists) for [Anonymous Symbol]
    tasks.o(.text.xTaskGenericNotifyFromISR) refers to tasks.o(.bss.pxCurrentTCB) for pxCurrentTCB
    tasks.o(.ARM.exidx.text.xTaskGenericNotifyFromISR) refers to tasks.o(.text.xTaskGenericNotifyFromISR) for [Anonymous Symbol]
    tasks.o(.text.vTaskNotifyGiveFromISR) refers to port.o(.text.vPortValidateInterruptPriority) for vPortValidateInterruptPriority
    tasks.o(.text.vTaskNotifyGiveFromISR) refers to list.o(.text.vListInsertEnd) for vListInsertEnd
    tasks.o(.text.vTaskNotifyGiveFromISR) refers to list.o(.text.uxListRemove) for uxListRemove
    tasks.o(.text.vTaskNotifyGiveFromISR) refers to tasks.o(.bss..L_MergedGlobals) for [Anonymous Symbol]
    tasks.o(.text.vTaskNotifyGiveFromISR) refers to tasks.o(.bss.pxReadyTasksLists) for [Anonymous Symbol]
    tasks.o(.text.vTaskNotifyGiveFromISR) refers to tasks.o(.bss.pxCurrentTCB) for pxCurrentTCB
    tasks.o(.ARM.exidx.text.vTaskNotifyGiveFromISR) refers to tasks.o(.text.vTaskNotifyGiveFromISR) for [Anonymous Symbol]
    tasks.o(.text.xTaskNotifyStateClear) refers to port.o(.text.vPortEnterCritical) for vPortEnterCritical
    tasks.o(.text.xTaskNotifyStateClear) refers to port.o(.text.vPortExitCritical) for vPortExitCritical
    tasks.o(.text.xTaskNotifyStateClear) refers to tasks.o(.bss.pxCurrentTCB) for pxCurrentTCB
    tasks.o(.ARM.exidx.text.xTaskNotifyStateClear) refers to tasks.o(.text.xTaskNotifyStateClear) for [Anonymous Symbol]
    tasks.o(.text.ulTaskNotifyValueClear) refers to port.o(.text.vPortEnterCritical) for vPortEnterCritical
    tasks.o(.text.ulTaskNotifyValueClear) refers to port.o(.text.vPortExitCritical) for vPortExitCritical
    tasks.o(.text.ulTaskNotifyValueClear) refers to tasks.o(.bss.pxCurrentTCB) for pxCurrentTCB
    tasks.o(.ARM.exidx.text.ulTaskNotifyValueClear) refers to tasks.o(.text.ulTaskNotifyValueClear) for [Anonymous Symbol]
    timers.o(.text.xTimerCreateTimerTask) refers to timers.o(.text.prvCheckForValidListAndQueue) for prvCheckForValidListAndQueue
    timers.o(.text.xTimerCreateTimerTask) refers to cmsis_os2.o(.text.vApplicationGetTimerTaskMemory) for vApplicationGetTimerTaskMemory
    timers.o(.text.xTimerCreateTimerTask) refers to tasks.o(.text.xTaskCreateStatic) for xTaskCreateStatic
    timers.o(.text.xTimerCreateTimerTask) refers to timers.o(.bss..L_MergedGlobals) for [Anonymous Symbol]
    timers.o(.text.xTimerCreateTimerTask) refers to timers.o(.text.prvTimerTask) for prvTimerTask
    timers.o(.ARM.exidx.text.xTimerCreateTimerTask) refers to timers.o(.text.xTimerCreateTimerTask) for [Anonymous Symbol]
    timers.o(.text.prvCheckForValidListAndQueue) refers to port.o(.text.vPortEnterCritical) for vPortEnterCritical
    timers.o(.text.prvCheckForValidListAndQueue) refers to list.o(.text.vListInitialise) for vListInitialise
    timers.o(.text.prvCheckForValidListAndQueue) refers to queue.o(.text.xQueueGenericCreateStatic) for xQueueGenericCreateStatic
    timers.o(.text.prvCheckForValidListAndQueue) refers to queue.o(.text.vQueueAddToRegistry) for vQueueAddToRegistry
    timers.o(.text.prvCheckForValidListAndQueue) refers to port.o(.text.vPortExitCritical) for vPortExitCritical
    timers.o(.text.prvCheckForValidListAndQueue) refers to timers.o(.bss..L_MergedGlobals) for [Anonymous Symbol]
    timers.o(.text.prvCheckForValidListAndQueue) refers to timers.o(.bss.prvCheckForValidListAndQueue.ucStaticTimerQueueStorage) for [Anonymous Symbol]
    timers.o(.text.prvCheckForValidListAndQueue) refers to timers.o(.bss..L_MergedGlobals.2) for [Anonymous Symbol]
    timers.o(.ARM.exidx.text.prvCheckForValidListAndQueue) refers to timers.o(.text.prvCheckForValidListAndQueue) for [Anonymous Symbol]
    timers.o(.text.prvTimerTask) refers to list.o(.text.uxListRemove) for uxListRemove
    timers.o(.text.prvTimerTask) refers to timers.o(.text.prvSampleTimeNow) for prvSampleTimeNow
    timers.o(.text.prvTimerTask) refers to timers.o(.text.prvInsertTimerInActiveList) for prvInsertTimerInActiveList
    timers.o(.text.prvTimerTask) refers to timers.o(.text.xTimerGenericCommand) for xTimerGenericCommand
    timers.o(.text.prvTimerTask) refers to heap_4.o(.text.vPortFree) for vPortFree
    timers.o(.text.prvTimerTask) refers to queue.o(.text.xQueueReceive) for xQueueReceive
    timers.o(.text.prvTimerTask) refers to tasks.o(.text.vTaskSuspendAll) for vTaskSuspendAll
    timers.o(.text.prvTimerTask) refers to tasks.o(.text.xTaskResumeAll) for xTaskResumeAll
    timers.o(.text.prvTimerTask) refers to queue.o(.text.vQueueWaitForMessageRestricted) for vQueueWaitForMessageRestricted
    timers.o(.text.prvTimerTask) refers to timers.o(.bss..L_MergedGlobals) for [Anonymous Symbol]
    timers.o(.ARM.exidx.text.prvTimerTask) refers to timers.o(.text.prvTimerTask) for [Anonymous Symbol]
    timers.o(.text.xTimerCreate) refers to heap_4.o(.text.pvPortMalloc) for pvPortMalloc
    timers.o(.text.xTimerCreate) refers to timers.o(.text.prvInitialiseNewTimer) for prvInitialiseNewTimer
    timers.o(.ARM.exidx.text.xTimerCreate) refers to timers.o(.text.xTimerCreate) for [Anonymous Symbol]
    timers.o(.text.prvInitialiseNewTimer) refers to timers.o(.text.prvCheckForValidListAndQueue) for prvCheckForValidListAndQueue
    timers.o(.text.prvInitialiseNewTimer) refers to list.o(.text.vListInitialiseItem) for vListInitialiseItem
    timers.o(.ARM.exidx.text.prvInitialiseNewTimer) refers to timers.o(.text.prvInitialiseNewTimer) for [Anonymous Symbol]
    timers.o(.text.xTimerCreateStatic) refers to timers.o(.text.prvInitialiseNewTimer) for prvInitialiseNewTimer
    timers.o(.ARM.exidx.text.xTimerCreateStatic) refers to timers.o(.text.xTimerCreateStatic) for [Anonymous Symbol]
    timers.o(.text.xTimerGenericCommand) refers to tasks.o(.text.xTaskGetSchedulerState) for xTaskGetSchedulerState
    timers.o(.text.xTimerGenericCommand) refers to queue.o(.text.xQueueGenericSendFromISR) for xQueueGenericSendFromISR
    timers.o(.text.xTimerGenericCommand) refers to queue.o(.text.xQueueGenericSend) for xQueueGenericSend
    timers.o(.text.xTimerGenericCommand) refers to timers.o(.bss..L_MergedGlobals) for [Anonymous Symbol]
    timers.o(.ARM.exidx.text.xTimerGenericCommand) refers to timers.o(.text.xTimerGenericCommand) for [Anonymous Symbol]
    timers.o(.text.xTimerGetTimerDaemonTaskHandle) refers to timers.o(.bss..L_MergedGlobals) for [Anonymous Symbol]
    timers.o(.ARM.exidx.text.xTimerGetTimerDaemonTaskHandle) refers to timers.o(.text.xTimerGetTimerDaemonTaskHandle) for [Anonymous Symbol]
    timers.o(.ARM.exidx.text.xTimerGetPeriod) refers to timers.o(.text.xTimerGetPeriod) for [Anonymous Symbol]
    timers.o(.text.vTimerSetReloadMode) refers to port.o(.text.vPortEnterCritical) for vPortEnterCritical
    timers.o(.text.vTimerSetReloadMode) refers to port.o(.text.vPortExitCritical) for vPortExitCritical
    timers.o(.ARM.exidx.text.vTimerSetReloadMode) refers to timers.o(.text.vTimerSetReloadMode) for [Anonymous Symbol]
    timers.o(.text.uxTimerGetReloadMode) refers to port.o(.text.vPortEnterCritical) for vPortEnterCritical
    timers.o(.text.uxTimerGetReloadMode) refers to port.o(.text.vPortExitCritical) for vPortExitCritical
    timers.o(.ARM.exidx.text.uxTimerGetReloadMode) refers to timers.o(.text.uxTimerGetReloadMode) for [Anonymous Symbol]
    timers.o(.ARM.exidx.text.xTimerGetExpiryTime) refers to timers.o(.text.xTimerGetExpiryTime) for [Anonymous Symbol]
    timers.o(.ARM.exidx.text.pcTimerGetName) refers to timers.o(.text.pcTimerGetName) for [Anonymous Symbol]
    timers.o(.text.xTimerIsTimerActive) refers to port.o(.text.vPortEnterCritical) for vPortEnterCritical
    timers.o(.text.xTimerIsTimerActive) refers to port.o(.text.vPortExitCritical) for vPortExitCritical
    timers.o(.ARM.exidx.text.xTimerIsTimerActive) refers to timers.o(.text.xTimerIsTimerActive) for [Anonymous Symbol]
    timers.o(.text.pvTimerGetTimerID) refers to port.o(.text.vPortEnterCritical) for vPortEnterCritical
    timers.o(.text.pvTimerGetTimerID) refers to port.o(.text.vPortExitCritical) for vPortExitCritical
    timers.o(.ARM.exidx.text.pvTimerGetTimerID) refers to timers.o(.text.pvTimerGetTimerID) for [Anonymous Symbol]
    timers.o(.text.vTimerSetTimerID) refers to port.o(.text.vPortEnterCritical) for vPortEnterCritical
    timers.o(.text.vTimerSetTimerID) refers to port.o(.text.vPortExitCritical) for vPortExitCritical
    timers.o(.ARM.exidx.text.vTimerSetTimerID) refers to timers.o(.text.vTimerSetTimerID) for [Anonymous Symbol]
    timers.o(.text.xTimerPendFunctionCallFromISR) refers to queue.o(.text.xQueueGenericSendFromISR) for xQueueGenericSendFromISR
    timers.o(.text.xTimerPendFunctionCallFromISR) refers to timers.o(.bss..L_MergedGlobals) for [Anonymous Symbol]
    timers.o(.ARM.exidx.text.xTimerPendFunctionCallFromISR) refers to timers.o(.text.xTimerPendFunctionCallFromISR) for [Anonymous Symbol]
    timers.o(.text.xTimerPendFunctionCall) refers to queue.o(.text.xQueueGenericSend) for xQueueGenericSend
    timers.o(.text.xTimerPendFunctionCall) refers to timers.o(.bss..L_MergedGlobals) for [Anonymous Symbol]
    timers.o(.ARM.exidx.text.xTimerPendFunctionCall) refers to timers.o(.text.xTimerPendFunctionCall) for [Anonymous Symbol]
    timers.o(.ARM.exidx.text.uxTimerGetTimerNumber) refers to timers.o(.text.uxTimerGetTimerNumber) for [Anonymous Symbol]
    timers.o(.ARM.exidx.text.vTimerSetTimerNumber) refers to timers.o(.text.vTimerSetTimerNumber) for [Anonymous Symbol]
    timers.o(.text.prvSampleTimeNow) refers to tasks.o(.text.xTaskGetTickCount) for xTaskGetTickCount
    timers.o(.text.prvSampleTimeNow) refers to list.o(.text.uxListRemove) for uxListRemove
    timers.o(.text.prvSampleTimeNow) refers to list.o(.text.vListInsert) for vListInsert
    timers.o(.text.prvSampleTimeNow) refers to timers.o(.text.xTimerGenericCommand) for xTimerGenericCommand
    timers.o(.text.prvSampleTimeNow) refers to timers.o(.bss..L_MergedGlobals) for [Anonymous Symbol]
    timers.o(.ARM.exidx.text.prvSampleTimeNow) refers to timers.o(.text.prvSampleTimeNow) for [Anonymous Symbol]
    timers.o(.text.prvInsertTimerInActiveList) refers to list.o(.text.vListInsert) for vListInsert
    timers.o(.text.prvInsertTimerInActiveList) refers to timers.o(.bss..L_MergedGlobals) for [Anonymous Symbol]
    timers.o(.ARM.exidx.text.prvInsertTimerInActiveList) refers to timers.o(.text.prvInsertTimerInActiveList) for [Anonymous Symbol]
    cmsis_os2.o(.text.SysTick_Handler) refers to tasks.o(.text.xTaskGetSchedulerState) for xTaskGetSchedulerState
    cmsis_os2.o(.text.SysTick_Handler) refers to port.o(.text.xPortSysTickHandler) for xPortSysTickHandler
    cmsis_os2.o(.ARM.exidx.text.SysTick_Handler) refers to cmsis_os2.o(.text.SysTick_Handler) for [Anonymous Symbol]
    cmsis_os2.o(.text.osKernelInitialize) refers to cmsis_os2.o(.bss.KernelState) for [Anonymous Symbol]
    cmsis_os2.o(.ARM.exidx.text.osKernelInitialize) refers to cmsis_os2.o(.text.osKernelInitialize) for [Anonymous Symbol]
    cmsis_os2.o(.text.osKernelGetInfo) refers to rt_memcpy_v6.o(.text) for __aeabi_memcpy
    cmsis_os2.o(.ARM.exidx.text.osKernelGetInfo) refers to cmsis_os2.o(.text.osKernelGetInfo) for [Anonymous Symbol]
    cmsis_os2.o(.text.osKernelGetState) refers to tasks.o(.text.xTaskGetSchedulerState) for xTaskGetSchedulerState
    cmsis_os2.o(.text.osKernelGetState) refers to cmsis_os2.o(.bss.KernelState) for [Anonymous Symbol]
    cmsis_os2.o(.ARM.exidx.text.osKernelGetState) refers to cmsis_os2.o(.text.osKernelGetState) for [Anonymous Symbol]
    cmsis_os2.o(.text.osKernelStart) refers to tasks.o(.text.vTaskStartScheduler) for vTaskStartScheduler
    cmsis_os2.o(.text.osKernelStart) refers to cmsis_os2.o(.bss.KernelState) for [Anonymous Symbol]
    cmsis_os2.o(.ARM.exidx.text.osKernelStart) refers to cmsis_os2.o(.text.osKernelStart) for [Anonymous Symbol]
    cmsis_os2.o(.text.osKernelLock) refers to tasks.o(.text.xTaskGetSchedulerState) for xTaskGetSchedulerState
    cmsis_os2.o(.text.osKernelLock) refers to tasks.o(.text.vTaskSuspendAll) for vTaskSuspendAll
    cmsis_os2.o(.ARM.exidx.text.osKernelLock) refers to cmsis_os2.o(.text.osKernelLock) for [Anonymous Symbol]
    cmsis_os2.o(.text.osKernelUnlock) refers to tasks.o(.text.xTaskGetSchedulerState) for xTaskGetSchedulerState
    cmsis_os2.o(.text.osKernelUnlock) refers to tasks.o(.text.xTaskResumeAll) for xTaskResumeAll
    cmsis_os2.o(.ARM.exidx.text.osKernelUnlock) refers to cmsis_os2.o(.text.osKernelUnlock) for [Anonymous Symbol]
    cmsis_os2.o(.text.osKernelRestoreLock) refers to tasks.o(.text.xTaskGetSchedulerState) for xTaskGetSchedulerState
    cmsis_os2.o(.text.osKernelRestoreLock) refers to tasks.o(.text.vTaskSuspendAll) for vTaskSuspendAll
    cmsis_os2.o(.text.osKernelRestoreLock) refers to tasks.o(.text.xTaskResumeAll) for xTaskResumeAll
    cmsis_os2.o(.ARM.exidx.text.osKernelRestoreLock) refers to cmsis_os2.o(.text.osKernelRestoreLock) for [Anonymous Symbol]
    cmsis_os2.o(.text.osKernelGetTickCount) refers to tasks.o(.text.xTaskGetTickCountFromISR) for xTaskGetTickCountFromISR
    cmsis_os2.o(.text.osKernelGetTickCount) refers to tasks.o(.text.xTaskGetTickCount) for xTaskGetTickCount
    cmsis_os2.o(.ARM.exidx.text.osKernelGetTickCount) refers to cmsis_os2.o(.text.osKernelGetTickCount) for [Anonymous Symbol]
    cmsis_os2.o(.ARM.exidx.text.osKernelGetTickFreq) refers to cmsis_os2.o(.text.osKernelGetTickFreq) for [Anonymous Symbol]
    cmsis_os2.o(.text.osKernelGetSysTimerCount) refers to tasks.o(.text.xTaskGetTickCount) for xTaskGetTickCount
    cmsis_os2.o(.ARM.exidx.text.osKernelGetSysTimerCount) refers to cmsis_os2.o(.text.osKernelGetSysTimerCount) for [Anonymous Symbol]
    cmsis_os2.o(.text.osKernelGetSysTimerFreq) refers to system_stm32h7xx.o(.data..L_MergedGlobals) for SystemCoreClock
    cmsis_os2.o(.ARM.exidx.text.osKernelGetSysTimerFreq) refers to cmsis_os2.o(.text.osKernelGetSysTimerFreq) for [Anonymous Symbol]
    cmsis_os2.o(.text.osThreadNew) refers to tasks.o(.text.xTaskCreate) for xTaskCreate
    cmsis_os2.o(.text.osThreadNew) refers to tasks.o(.text.xTaskCreateStatic) for xTaskCreateStatic
    cmsis_os2.o(.ARM.exidx.text.osThreadNew) refers to cmsis_os2.o(.text.osThreadNew) for [Anonymous Symbol]
    cmsis_os2.o(.text.osThreadGetName) refers to tasks.o(.text.pcTaskGetName) for pcTaskGetName
    cmsis_os2.o(.ARM.exidx.text.osThreadGetName) refers to cmsis_os2.o(.text.osThreadGetName) for [Anonymous Symbol]
    cmsis_os2.o(.text.osThreadGetId) refers to tasks.o(.text.xTaskGetCurrentTaskHandle) for xTaskGetCurrentTaskHandle
    cmsis_os2.o(.ARM.exidx.text.osThreadGetId) refers to cmsis_os2.o(.text.osThreadGetId) for [Anonymous Symbol]
    cmsis_os2.o(.text.osThreadGetState) refers to tasks.o(.text.eTaskGetState) for eTaskGetState
    cmsis_os2.o(.ARM.exidx.text.osThreadGetState) refers to cmsis_os2.o(.text.osThreadGetState) for [Anonymous Symbol]
    cmsis_os2.o(.text.osThreadGetStackSpace) refers to tasks.o(.text.uxTaskGetStackHighWaterMark) for uxTaskGetStackHighWaterMark
    cmsis_os2.o(.ARM.exidx.text.osThreadGetStackSpace) refers to cmsis_os2.o(.text.osThreadGetStackSpace) for [Anonymous Symbol]
    cmsis_os2.o(.text.osThreadSetPriority) refers to tasks.o(.text.vTaskPrioritySet) for vTaskPrioritySet
    cmsis_os2.o(.ARM.exidx.text.osThreadSetPriority) refers to cmsis_os2.o(.text.osThreadSetPriority) for [Anonymous Symbol]
    cmsis_os2.o(.text.osThreadGetPriority) refers to tasks.o(.text.uxTaskPriorityGet) for uxTaskPriorityGet
    cmsis_os2.o(.ARM.exidx.text.osThreadGetPriority) refers to cmsis_os2.o(.text.osThreadGetPriority) for [Anonymous Symbol]
    cmsis_os2.o(.ARM.exidx.text.osThreadYield) refers to cmsis_os2.o(.text.osThreadYield) for [Anonymous Symbol]
    cmsis_os2.o(.text.osThreadSuspend) refers to tasks.o(.text.vTaskSuspend) for vTaskSuspend
    cmsis_os2.o(.ARM.exidx.text.osThreadSuspend) refers to cmsis_os2.o(.text.osThreadSuspend) for [Anonymous Symbol]
    cmsis_os2.o(.text.osThreadResume) refers to tasks.o(.text.vTaskResume) for vTaskResume
    cmsis_os2.o(.ARM.exidx.text.osThreadResume) refers to cmsis_os2.o(.text.osThreadResume) for [Anonymous Symbol]
    cmsis_os2.o(.text.osThreadExit) refers to tasks.o(.text.vTaskDelete) for vTaskDelete
    cmsis_os2.o(.ARM.exidx.text.osThreadExit) refers to cmsis_os2.o(.text.osThreadExit) for [Anonymous Symbol]
    cmsis_os2.o(.text.osThreadTerminate) refers to tasks.o(.text.eTaskGetState) for eTaskGetState
    cmsis_os2.o(.text.osThreadTerminate) refers to tasks.o(.text.vTaskDelete) for vTaskDelete
    cmsis_os2.o(.ARM.exidx.text.osThreadTerminate) refers to cmsis_os2.o(.text.osThreadTerminate) for [Anonymous Symbol]
    cmsis_os2.o(.text.osThreadGetCount) refers to tasks.o(.text.uxTaskGetNumberOfTasks) for uxTaskGetNumberOfTasks
    cmsis_os2.o(.ARM.exidx.text.osThreadGetCount) refers to cmsis_os2.o(.text.osThreadGetCount) for [Anonymous Symbol]
    cmsis_os2.o(.text.osThreadEnumerate) refers to tasks.o(.text.vTaskSuspendAll) for vTaskSuspendAll
    cmsis_os2.o(.text.osThreadEnumerate) refers to tasks.o(.text.uxTaskGetNumberOfTasks) for uxTaskGetNumberOfTasks
    cmsis_os2.o(.text.osThreadEnumerate) refers to heap_4.o(.text.pvPortMalloc) for pvPortMalloc
    cmsis_os2.o(.text.osThreadEnumerate) refers to tasks.o(.text.uxTaskGetSystemState) for uxTaskGetSystemState
    cmsis_os2.o(.text.osThreadEnumerate) refers to tasks.o(.text.xTaskResumeAll) for xTaskResumeAll
    cmsis_os2.o(.text.osThreadEnumerate) refers to heap_4.o(.text.vPortFree) for vPortFree
    cmsis_os2.o(.ARM.exidx.text.osThreadEnumerate) refers to cmsis_os2.o(.text.osThreadEnumerate) for [Anonymous Symbol]
    cmsis_os2.o(.text.osThreadFlagsSet) refers to tasks.o(.text.xTaskGenericNotifyFromISR) for xTaskGenericNotifyFromISR
    cmsis_os2.o(.text.osThreadFlagsSet) refers to tasks.o(.text.xTaskGenericNotify) for xTaskGenericNotify
    cmsis_os2.o(.ARM.exidx.text.osThreadFlagsSet) refers to cmsis_os2.o(.text.osThreadFlagsSet) for [Anonymous Symbol]
    cmsis_os2.o(.text.osThreadFlagsClear) refers to tasks.o(.text.xTaskGetCurrentTaskHandle) for xTaskGetCurrentTaskHandle
    cmsis_os2.o(.text.osThreadFlagsClear) refers to tasks.o(.text.xTaskGenericNotify) for xTaskGenericNotify
    cmsis_os2.o(.ARM.exidx.text.osThreadFlagsClear) refers to cmsis_os2.o(.text.osThreadFlagsClear) for [Anonymous Symbol]
    cmsis_os2.o(.text.osThreadFlagsGet) refers to tasks.o(.text.xTaskGetCurrentTaskHandle) for xTaskGetCurrentTaskHandle
    cmsis_os2.o(.text.osThreadFlagsGet) refers to tasks.o(.text.xTaskGenericNotify) for xTaskGenericNotify
    cmsis_os2.o(.ARM.exidx.text.osThreadFlagsGet) refers to cmsis_os2.o(.text.osThreadFlagsGet) for [Anonymous Symbol]
    cmsis_os2.o(.text.osThreadFlagsWait) refers to tasks.o(.text.xTaskGetTickCount) for xTaskGetTickCount
    cmsis_os2.o(.text.osThreadFlagsWait) refers to tasks.o(.text.xTaskNotifyWait) for xTaskNotifyWait
    cmsis_os2.o(.ARM.exidx.text.osThreadFlagsWait) refers to cmsis_os2.o(.text.osThreadFlagsWait) for [Anonymous Symbol]
    cmsis_os2.o(.text.osDelay) refers to tasks.o(.text.vTaskDelay) for vTaskDelay
    cmsis_os2.o(.ARM.exidx.text.osDelay) refers to cmsis_os2.o(.text.osDelay) for [Anonymous Symbol]
    cmsis_os2.o(.text.osDelayUntil) refers to tasks.o(.text.xTaskGetTickCount) for xTaskGetTickCount
    cmsis_os2.o(.text.osDelayUntil) refers to tasks.o(.text.vTaskDelayUntil) for vTaskDelayUntil
    cmsis_os2.o(.ARM.exidx.text.osDelayUntil) refers to cmsis_os2.o(.text.osDelayUntil) for [Anonymous Symbol]
    cmsis_os2.o(.text.osTimerNew) refers to heap_4.o(.text.pvPortMalloc) for pvPortMalloc
    cmsis_os2.o(.text.osTimerNew) refers to timers.o(.text.xTimerCreateStatic) for xTimerCreateStatic
    cmsis_os2.o(.text.osTimerNew) refers to timers.o(.text.xTimerCreate) for xTimerCreate
    cmsis_os2.o(.text.osTimerNew) refers to heap_4.o(.text.vPortFree) for vPortFree
    cmsis_os2.o(.text.osTimerNew) refers to cmsis_os2.o(.text.TimerCallback) for TimerCallback
    cmsis_os2.o(.ARM.exidx.text.osTimerNew) refers to cmsis_os2.o(.text.osTimerNew) for [Anonymous Symbol]
    cmsis_os2.o(.text.TimerCallback) refers to timers.o(.text.pvTimerGetTimerID) for pvTimerGetTimerID
    cmsis_os2.o(.ARM.exidx.text.TimerCallback) refers to cmsis_os2.o(.text.TimerCallback) for [Anonymous Symbol]
    cmsis_os2.o(.text.osTimerGetName) refers to timers.o(.text.pcTimerGetName) for pcTimerGetName
    cmsis_os2.o(.ARM.exidx.text.osTimerGetName) refers to cmsis_os2.o(.text.osTimerGetName) for [Anonymous Symbol]
    cmsis_os2.o(.text.osTimerStart) refers to timers.o(.text.xTimerGenericCommand) for xTimerGenericCommand
    cmsis_os2.o(.ARM.exidx.text.osTimerStart) refers to cmsis_os2.o(.text.osTimerStart) for [Anonymous Symbol]
    cmsis_os2.o(.text.osTimerStop) refers to timers.o(.text.xTimerIsTimerActive) for xTimerIsTimerActive
    cmsis_os2.o(.text.osTimerStop) refers to timers.o(.text.xTimerGenericCommand) for xTimerGenericCommand
    cmsis_os2.o(.ARM.exidx.text.osTimerStop) refers to cmsis_os2.o(.text.osTimerStop) for [Anonymous Symbol]
    cmsis_os2.o(.text.osTimerIsRunning) refers to timers.o(.text.xTimerIsTimerActive) for xTimerIsTimerActive
    cmsis_os2.o(.ARM.exidx.text.osTimerIsRunning) refers to cmsis_os2.o(.text.osTimerIsRunning) for [Anonymous Symbol]
    cmsis_os2.o(.text.osTimerDelete) refers to timers.o(.text.pvTimerGetTimerID) for pvTimerGetTimerID
    cmsis_os2.o(.text.osTimerDelete) refers to timers.o(.text.xTimerGenericCommand) for xTimerGenericCommand
    cmsis_os2.o(.text.osTimerDelete) refers to heap_4.o(.text.vPortFree) for vPortFree
    cmsis_os2.o(.ARM.exidx.text.osTimerDelete) refers to cmsis_os2.o(.text.osTimerDelete) for [Anonymous Symbol]
    cmsis_os2.o(.text.osEventFlagsNew) refers to event_groups.o(.text.xEventGroupCreateStatic) for xEventGroupCreateStatic
    cmsis_os2.o(.text.osEventFlagsNew) refers to event_groups.o(.text.xEventGroupCreate) for xEventGroupCreate
    cmsis_os2.o(.ARM.exidx.text.osEventFlagsNew) refers to cmsis_os2.o(.text.osEventFlagsNew) for [Anonymous Symbol]
    cmsis_os2.o(.text.osEventFlagsSet) refers to event_groups.o(.text.xEventGroupSetBitsFromISR) for xEventGroupSetBitsFromISR
    cmsis_os2.o(.text.osEventFlagsSet) refers to event_groups.o(.text.xEventGroupSetBits) for xEventGroupSetBits
    cmsis_os2.o(.ARM.exidx.text.osEventFlagsSet) refers to cmsis_os2.o(.text.osEventFlagsSet) for [Anonymous Symbol]
    cmsis_os2.o(.text.osEventFlagsClear) refers to event_groups.o(.text.xEventGroupGetBitsFromISR) for xEventGroupGetBitsFromISR
    cmsis_os2.o(.text.osEventFlagsClear) refers to event_groups.o(.text.xEventGroupClearBitsFromISR) for xEventGroupClearBitsFromISR
    cmsis_os2.o(.text.osEventFlagsClear) refers to event_groups.o(.text.xEventGroupClearBits) for xEventGroupClearBits
    cmsis_os2.o(.ARM.exidx.text.osEventFlagsClear) refers to cmsis_os2.o(.text.osEventFlagsClear) for [Anonymous Symbol]
    cmsis_os2.o(.text.osEventFlagsGet) refers to event_groups.o(.text.xEventGroupGetBitsFromISR) for xEventGroupGetBitsFromISR
    cmsis_os2.o(.text.osEventFlagsGet) refers to event_groups.o(.text.xEventGroupClearBits) for xEventGroupClearBits
    cmsis_os2.o(.ARM.exidx.text.osEventFlagsGet) refers to cmsis_os2.o(.text.osEventFlagsGet) for [Anonymous Symbol]
    cmsis_os2.o(.text.osEventFlagsWait) refers to event_groups.o(.text.xEventGroupWaitBits) for xEventGroupWaitBits
    cmsis_os2.o(.ARM.exidx.text.osEventFlagsWait) refers to cmsis_os2.o(.text.osEventFlagsWait) for [Anonymous Symbol]
    cmsis_os2.o(.text.osEventFlagsDelete) refers to event_groups.o(.text.vEventGroupDelete) for vEventGroupDelete
    cmsis_os2.o(.ARM.exidx.text.osEventFlagsDelete) refers to cmsis_os2.o(.text.osEventFlagsDelete) for [Anonymous Symbol]
    cmsis_os2.o(.text.osMutexNew) refers to queue.o(.text.xQueueCreateMutexStatic) for xQueueCreateMutexStatic
    cmsis_os2.o(.text.osMutexNew) refers to queue.o(.text.xQueueCreateMutex) for xQueueCreateMutex
    cmsis_os2.o(.text.osMutexNew) refers to queue.o(.text.vQueueAddToRegistry) for vQueueAddToRegistry
    cmsis_os2.o(.ARM.exidx.text.osMutexNew) refers to cmsis_os2.o(.text.osMutexNew) for [Anonymous Symbol]
    cmsis_os2.o(.text.osMutexAcquire) refers to queue.o(.text.xQueueSemaphoreTake) for xQueueSemaphoreTake
    cmsis_os2.o(.text.osMutexAcquire) refers to queue.o(.text.xQueueTakeMutexRecursive) for xQueueTakeMutexRecursive
    cmsis_os2.o(.ARM.exidx.text.osMutexAcquire) refers to cmsis_os2.o(.text.osMutexAcquire) for [Anonymous Symbol]
    cmsis_os2.o(.text.osMutexRelease) refers to queue.o(.text.xQueueGenericSend) for xQueueGenericSend
    cmsis_os2.o(.text.osMutexRelease) refers to queue.o(.text.xQueueGiveMutexRecursive) for xQueueGiveMutexRecursive
    cmsis_os2.o(.ARM.exidx.text.osMutexRelease) refers to cmsis_os2.o(.text.osMutexRelease) for [Anonymous Symbol]
    cmsis_os2.o(.text.osMutexGetOwner) refers to queue.o(.text.xQueueGetMutexHolder) for xQueueGetMutexHolder
    cmsis_os2.o(.ARM.exidx.text.osMutexGetOwner) refers to cmsis_os2.o(.text.osMutexGetOwner) for [Anonymous Symbol]
    cmsis_os2.o(.text.osMutexDelete) refers to queue.o(.text.vQueueUnregisterQueue) for vQueueUnregisterQueue
    cmsis_os2.o(.text.osMutexDelete) refers to queue.o(.text.vQueueDelete) for vQueueDelete
    cmsis_os2.o(.ARM.exidx.text.osMutexDelete) refers to cmsis_os2.o(.text.osMutexDelete) for [Anonymous Symbol]
    cmsis_os2.o(.text.osSemaphoreNew) refers to queue.o(.text.xQueueGenericCreateStatic) for xQueueGenericCreateStatic
    cmsis_os2.o(.text.osSemaphoreNew) refers to queue.o(.text.xQueueCreateCountingSemaphoreStatic) for xQueueCreateCountingSemaphoreStatic
    cmsis_os2.o(.text.osSemaphoreNew) refers to queue.o(.text.xQueueGenericCreate) for xQueueGenericCreate
    cmsis_os2.o(.text.osSemaphoreNew) refers to queue.o(.text.xQueueGenericSend) for xQueueGenericSend
    cmsis_os2.o(.text.osSemaphoreNew) refers to queue.o(.text.vQueueDelete) for vQueueDelete
    cmsis_os2.o(.text.osSemaphoreNew) refers to queue.o(.text.xQueueCreateCountingSemaphore) for xQueueCreateCountingSemaphore
    cmsis_os2.o(.text.osSemaphoreNew) refers to queue.o(.text.vQueueAddToRegistry) for vQueueAddToRegistry
    cmsis_os2.o(.ARM.exidx.text.osSemaphoreNew) refers to cmsis_os2.o(.text.osSemaphoreNew) for [Anonymous Symbol]
    cmsis_os2.o(.text.osSemaphoreAcquire) refers to queue.o(.text.xQueueSemaphoreTake) for xQueueSemaphoreTake
    cmsis_os2.o(.text.osSemaphoreAcquire) refers to queue.o(.text.xQueueReceiveFromISR) for xQueueReceiveFromISR
    cmsis_os2.o(.ARM.exidx.text.osSemaphoreAcquire) refers to cmsis_os2.o(.text.osSemaphoreAcquire) for [Anonymous Symbol]
    cmsis_os2.o(.text.osSemaphoreRelease) refers to queue.o(.text.xQueueGiveFromISR) for xQueueGiveFromISR
    cmsis_os2.o(.text.osSemaphoreRelease) refers to queue.o(.text.xQueueGenericSend) for xQueueGenericSend
    cmsis_os2.o(.ARM.exidx.text.osSemaphoreRelease) refers to cmsis_os2.o(.text.osSemaphoreRelease) for [Anonymous Symbol]
    cmsis_os2.o(.text.osSemaphoreGetCount) refers to queue.o(.text.uxQueueMessagesWaitingFromISR) for uxQueueMessagesWaitingFromISR
    cmsis_os2.o(.text.osSemaphoreGetCount) refers to queue.o(.text.uxQueueMessagesWaiting) for uxQueueMessagesWaiting
    cmsis_os2.o(.ARM.exidx.text.osSemaphoreGetCount) refers to cmsis_os2.o(.text.osSemaphoreGetCount) for [Anonymous Symbol]
    cmsis_os2.o(.text.osSemaphoreDelete) refers to queue.o(.text.vQueueUnregisterQueue) for vQueueUnregisterQueue
    cmsis_os2.o(.text.osSemaphoreDelete) refers to queue.o(.text.vQueueDelete) for vQueueDelete
    cmsis_os2.o(.ARM.exidx.text.osSemaphoreDelete) refers to cmsis_os2.o(.text.osSemaphoreDelete) for [Anonymous Symbol]
    cmsis_os2.o(.text.osMessageQueueNew) refers to queue.o(.text.xQueueGenericCreateStatic) for xQueueGenericCreateStatic
    cmsis_os2.o(.text.osMessageQueueNew) refers to queue.o(.text.xQueueGenericCreate) for xQueueGenericCreate
    cmsis_os2.o(.text.osMessageQueueNew) refers to queue.o(.text.vQueueAddToRegistry) for vQueueAddToRegistry
    cmsis_os2.o(.ARM.exidx.text.osMessageQueueNew) refers to cmsis_os2.o(.text.osMessageQueueNew) for [Anonymous Symbol]
    cmsis_os2.o(.text.osMessageQueuePut) refers to queue.o(.text.xQueueGenericSendFromISR) for xQueueGenericSendFromISR
    cmsis_os2.o(.text.osMessageQueuePut) refers to queue.o(.text.xQueueGenericSend) for xQueueGenericSend
    cmsis_os2.o(.ARM.exidx.text.osMessageQueuePut) refers to cmsis_os2.o(.text.osMessageQueuePut) for [Anonymous Symbol]
    cmsis_os2.o(.text.osMessageQueueGet) refers to queue.o(.text.xQueueReceiveFromISR) for xQueueReceiveFromISR
    cmsis_os2.o(.text.osMessageQueueGet) refers to queue.o(.text.xQueueReceive) for xQueueReceive
    cmsis_os2.o(.ARM.exidx.text.osMessageQueueGet) refers to cmsis_os2.o(.text.osMessageQueueGet) for [Anonymous Symbol]
    cmsis_os2.o(.ARM.exidx.text.osMessageQueueGetCapacity) refers to cmsis_os2.o(.text.osMessageQueueGetCapacity) for [Anonymous Symbol]
    cmsis_os2.o(.ARM.exidx.text.osMessageQueueGetMsgSize) refers to cmsis_os2.o(.text.osMessageQueueGetMsgSize) for [Anonymous Symbol]
    cmsis_os2.o(.text.osMessageQueueGetCount) refers to queue.o(.text.uxQueueMessagesWaitingFromISR) for uxQueueMessagesWaitingFromISR
    cmsis_os2.o(.text.osMessageQueueGetCount) refers to queue.o(.text.uxQueueMessagesWaiting) for uxQueueMessagesWaiting
    cmsis_os2.o(.ARM.exidx.text.osMessageQueueGetCount) refers to cmsis_os2.o(.text.osMessageQueueGetCount) for [Anonymous Symbol]
    cmsis_os2.o(.text.osMessageQueueGetSpace) refers to queue.o(.text.uxQueueSpacesAvailable) for uxQueueSpacesAvailable
    cmsis_os2.o(.ARM.exidx.text.osMessageQueueGetSpace) refers to cmsis_os2.o(.text.osMessageQueueGetSpace) for [Anonymous Symbol]
    cmsis_os2.o(.text.osMessageQueueReset) refers to queue.o(.text.xQueueGenericReset) for xQueueGenericReset
    cmsis_os2.o(.ARM.exidx.text.osMessageQueueReset) refers to cmsis_os2.o(.text.osMessageQueueReset) for [Anonymous Symbol]
    cmsis_os2.o(.text.osMessageQueueDelete) refers to queue.o(.text.vQueueUnregisterQueue) for vQueueUnregisterQueue
    cmsis_os2.o(.text.osMessageQueueDelete) refers to queue.o(.text.vQueueDelete) for vQueueDelete
    cmsis_os2.o(.ARM.exidx.text.osMessageQueueDelete) refers to cmsis_os2.o(.text.osMessageQueueDelete) for [Anonymous Symbol]
    cmsis_os2.o(.text.osMemoryPoolNew) refers to heap_4.o(.text.pvPortMalloc) for pvPortMalloc
    cmsis_os2.o(.text.osMemoryPoolNew) refers to queue.o(.text.xQueueCreateCountingSemaphoreStatic) for xQueueCreateCountingSemaphoreStatic
    cmsis_os2.o(.text.osMemoryPoolNew) refers to heap_4.o(.text.vPortFree) for vPortFree
    cmsis_os2.o(.ARM.exidx.text.osMemoryPoolNew) refers to cmsis_os2.o(.text.osMemoryPoolNew) for [Anonymous Symbol]
    cmsis_os2.o(.ARM.exidx.text.osMemoryPoolGetName) refers to cmsis_os2.o(.text.osMemoryPoolGetName) for [Anonymous Symbol]
    cmsis_os2.o(.text.osMemoryPoolAlloc) refers to queue.o(.text.xQueueReceiveFromISR) for xQueueReceiveFromISR
    cmsis_os2.o(.text.osMemoryPoolAlloc) refers to queue.o(.text.xQueueSemaphoreTake) for xQueueSemaphoreTake
    cmsis_os2.o(.text.osMemoryPoolAlloc) refers to port.o(.text.vPortEnterCritical) for vPortEnterCritical
    cmsis_os2.o(.text.osMemoryPoolAlloc) refers to cmsis_os2.o(.text.CreateBlock) for CreateBlock
    cmsis_os2.o(.text.osMemoryPoolAlloc) refers to port.o(.text.vPortExitCritical) for vPortExitCritical
    cmsis_os2.o(.ARM.exidx.text.osMemoryPoolAlloc) refers to cmsis_os2.o(.text.osMemoryPoolAlloc) for [Anonymous Symbol]
    cmsis_os2.o(.ARM.exidx.text.CreateBlock) refers to cmsis_os2.o(.text.CreateBlock) for [Anonymous Symbol]
    cmsis_os2.o(.text.osMemoryPoolFree) refers to queue.o(.text.uxQueueMessagesWaitingFromISR) for uxQueueMessagesWaitingFromISR
    cmsis_os2.o(.text.osMemoryPoolFree) refers to queue.o(.text.xQueueGiveFromISR) for xQueueGiveFromISR
    cmsis_os2.o(.text.osMemoryPoolFree) refers to queue.o(.text.uxQueueMessagesWaiting) for uxQueueMessagesWaiting
    cmsis_os2.o(.text.osMemoryPoolFree) refers to port.o(.text.vPortEnterCritical) for vPortEnterCritical
    cmsis_os2.o(.text.osMemoryPoolFree) refers to port.o(.text.vPortExitCritical) for vPortExitCritical
    cmsis_os2.o(.text.osMemoryPoolFree) refers to queue.o(.text.xQueueGenericSend) for xQueueGenericSend
    cmsis_os2.o(.ARM.exidx.text.osMemoryPoolFree) refers to cmsis_os2.o(.text.osMemoryPoolFree) for [Anonymous Symbol]
    cmsis_os2.o(.ARM.exidx.text.osMemoryPoolGetCapacity) refers to cmsis_os2.o(.text.osMemoryPoolGetCapacity) for [Anonymous Symbol]
    cmsis_os2.o(.ARM.exidx.text.osMemoryPoolGetBlockSize) refers to cmsis_os2.o(.text.osMemoryPoolGetBlockSize) for [Anonymous Symbol]
    cmsis_os2.o(.text.osMemoryPoolGetCount) refers to queue.o(.text.uxQueueMessagesWaitingFromISR) for uxQueueMessagesWaitingFromISR
    cmsis_os2.o(.text.osMemoryPoolGetCount) refers to queue.o(.text.uxQueueMessagesWaiting) for uxQueueMessagesWaiting
    cmsis_os2.o(.ARM.exidx.text.osMemoryPoolGetCount) refers to cmsis_os2.o(.text.osMemoryPoolGetCount) for [Anonymous Symbol]
    cmsis_os2.o(.text.osMemoryPoolGetSpace) refers to queue.o(.text.uxQueueMessagesWaitingFromISR) for uxQueueMessagesWaitingFromISR
    cmsis_os2.o(.text.osMemoryPoolGetSpace) refers to queue.o(.text.uxQueueMessagesWaiting) for uxQueueMessagesWaiting
    cmsis_os2.o(.ARM.exidx.text.osMemoryPoolGetSpace) refers to cmsis_os2.o(.text.osMemoryPoolGetSpace) for [Anonymous Symbol]
    cmsis_os2.o(.text.osMemoryPoolDelete) refers to port.o(.text.vPortEnterCritical) for vPortEnterCritical
    cmsis_os2.o(.text.osMemoryPoolDelete) refers to queue.o(.text.xQueueGenericSend) for xQueueGenericSend
    cmsis_os2.o(.text.osMemoryPoolDelete) refers to heap_4.o(.text.vPortFree) for vPortFree
    cmsis_os2.o(.text.osMemoryPoolDelete) refers to port.o(.text.vPortExitCritical) for vPortExitCritical
    cmsis_os2.o(.ARM.exidx.text.osMemoryPoolDelete) refers to cmsis_os2.o(.text.osMemoryPoolDelete) for [Anonymous Symbol]
    cmsis_os2.o(.text.vApplicationGetIdleTaskMemory) refers to cmsis_os2.o(.bss.vApplicationGetIdleTaskMemory.Idle_TCB) for [Anonymous Symbol]
    cmsis_os2.o(.text.vApplicationGetIdleTaskMemory) refers to cmsis_os2.o(.bss.vApplicationGetIdleTaskMemory.Idle_Stack) for [Anonymous Symbol]
    cmsis_os2.o(.ARM.exidx.text.vApplicationGetIdleTaskMemory) refers to cmsis_os2.o(.text.vApplicationGetIdleTaskMemory) for [Anonymous Symbol]
    cmsis_os2.o(.text.vApplicationGetTimerTaskMemory) refers to cmsis_os2.o(.bss.vApplicationGetTimerTaskMemory.Timer_TCB) for [Anonymous Symbol]
    cmsis_os2.o(.text.vApplicationGetTimerTaskMemory) refers to cmsis_os2.o(.bss.vApplicationGetTimerTaskMemory.Timer_Stack) for [Anonymous Symbol]
    cmsis_os2.o(.ARM.exidx.text.vApplicationGetTimerTaskMemory) refers to cmsis_os2.o(.text.vApplicationGetTimerTaskMemory) for [Anonymous Symbol]
    heap_4.o(.text.pvPortMalloc) refers to tasks.o(.text.vTaskSuspendAll) for vTaskSuspendAll
    heap_4.o(.text.pvPortMalloc) refers to heap_4.o(.text.prvInsertBlockIntoFreeList) for prvInsertBlockIntoFreeList
    heap_4.o(.text.pvPortMalloc) refers to tasks.o(.text.xTaskResumeAll) for xTaskResumeAll
    heap_4.o(.text.pvPortMalloc) refers to heap_4.o(.bss..L_MergedGlobals) for [Anonymous Symbol]
    heap_4.o(.text.pvPortMalloc) refers to heap_4.o(.bss.xBlockAllocatedBit) for [Anonymous Symbol]
    heap_4.o(.text.pvPortMalloc) refers to heap_4.o(.bss.ucHeap) for [Anonymous Symbol]
    heap_4.o(.ARM.exidx.text.pvPortMalloc) refers to heap_4.o(.text.pvPortMalloc) for [Anonymous Symbol]
    heap_4.o(.text.prvInsertBlockIntoFreeList) refers to heap_4.o(.bss..L_MergedGlobals) for [Anonymous Symbol]
    heap_4.o(.ARM.exidx.text.prvInsertBlockIntoFreeList) refers to heap_4.o(.text.prvInsertBlockIntoFreeList) for [Anonymous Symbol]
    heap_4.o(.text.vPortFree) refers to tasks.o(.text.vTaskSuspendAll) for vTaskSuspendAll
    heap_4.o(.text.vPortFree) refers to heap_4.o(.text.prvInsertBlockIntoFreeList) for prvInsertBlockIntoFreeList
    heap_4.o(.text.vPortFree) refers to tasks.o(.text.xTaskResumeAll) for xTaskResumeAll
    heap_4.o(.text.vPortFree) refers to heap_4.o(.bss.xBlockAllocatedBit) for [Anonymous Symbol]
    heap_4.o(.text.vPortFree) refers to heap_4.o(.bss..L_MergedGlobals) for [Anonymous Symbol]
    heap_4.o(.ARM.exidx.text.vPortFree) refers to heap_4.o(.text.vPortFree) for [Anonymous Symbol]
    heap_4.o(.text.xPortGetFreeHeapSize) refers to heap_4.o(.bss..L_MergedGlobals) for [Anonymous Symbol]
    heap_4.o(.ARM.exidx.text.xPortGetFreeHeapSize) refers to heap_4.o(.text.xPortGetFreeHeapSize) for [Anonymous Symbol]
    heap_4.o(.text.xPortGetMinimumEverFreeHeapSize) refers to heap_4.o(.bss..L_MergedGlobals) for [Anonymous Symbol]
    heap_4.o(.ARM.exidx.text.xPortGetMinimumEverFreeHeapSize) refers to heap_4.o(.text.xPortGetMinimumEverFreeHeapSize) for [Anonymous Symbol]
    heap_4.o(.ARM.exidx.text.vPortInitialiseBlocks) refers to heap_4.o(.text.vPortInitialiseBlocks) for [Anonymous Symbol]
    heap_4.o(.text.vPortGetHeapStats) refers to tasks.o(.text.vTaskSuspendAll) for vTaskSuspendAll
    heap_4.o(.text.vPortGetHeapStats) refers to tasks.o(.text.xTaskResumeAll) for xTaskResumeAll
    heap_4.o(.text.vPortGetHeapStats) refers to port.o(.text.vPortEnterCritical) for vPortEnterCritical
    heap_4.o(.text.vPortGetHeapStats) refers to port.o(.text.vPortExitCritical) for vPortExitCritical
    heap_4.o(.text.vPortGetHeapStats) refers to heap_4.o(.bss..L_MergedGlobals) for [Anonymous Symbol]
    heap_4.o(.ARM.exidx.text.vPortGetHeapStats) refers to heap_4.o(.text.vPortGetHeapStats) for [Anonymous Symbol]
    port.o(.text.pxPortInitialiseStack) refers to port.o(.text.prvTaskExitError) for prvTaskExitError
    port.o(.ARM.exidx.text.pxPortInitialiseStack) refers to port.o(.text.pxPortInitialiseStack) for [Anonymous Symbol]
    port.o(.text.prvTaskExitError) refers to port.o(.data.uxCriticalNesting) for [Anonymous Symbol]
    port.o(.ARM.exidx.text.prvTaskExitError) refers to port.o(.text.prvTaskExitError) for [Anonymous Symbol]
    port.o(.text.SVC_Handler) refers to tasks.o(.bss.pxCurrentTCB) for pxCurrentTCB
    port.o(.ARM.exidx.text.SVC_Handler) refers to port.o(.text.SVC_Handler) for [Anonymous Symbol]
    port.o(.text.xPortStartScheduler) refers to port.o(.text.vPortSetupTimerInterrupt) for vPortSetupTimerInterrupt
    port.o(.text.xPortStartScheduler) refers to port.o(.text.vPortEnableVFP) for vPortEnableVFP
    port.o(.text.xPortStartScheduler) refers to port.o(.text.prvPortStartFirstTask) for prvPortStartFirstTask
    port.o(.text.xPortStartScheduler) refers to tasks.o(.text.vTaskSwitchContext) for vTaskSwitchContext
    port.o(.text.xPortStartScheduler) refers to port.o(.text.prvTaskExitError) for prvTaskExitError
    port.o(.text.xPortStartScheduler) refers to port.o(.bss..L_MergedGlobals) for [Anonymous Symbol]
    port.o(.text.xPortStartScheduler) refers to port.o(.data.uxCriticalNesting) for [Anonymous Symbol]
    port.o(.ARM.exidx.text.xPortStartScheduler) refers to port.o(.text.xPortStartScheduler) for [Anonymous Symbol]
    port.o(.text.vPortSetupTimerInterrupt) refers to system_stm32h7xx.o(.data..L_MergedGlobals) for SystemCoreClock
    port.o(.ARM.exidx.text.vPortSetupTimerInterrupt) refers to port.o(.text.vPortSetupTimerInterrupt) for [Anonymous Symbol]
    port.o(.ARM.exidx.text.vPortEnableVFP) refers to port.o(.text.vPortEnableVFP) for [Anonymous Symbol]
    port.o(.ARM.exidx.text.prvPortStartFirstTask) refers to port.o(.text.prvPortStartFirstTask) for [Anonymous Symbol]
    port.o(.text.vPortEndScheduler) refers to port.o(.data.uxCriticalNesting) for [Anonymous Symbol]
    port.o(.ARM.exidx.text.vPortEndScheduler) refers to port.o(.text.vPortEndScheduler) for [Anonymous Symbol]
    port.o(.text.vPortEnterCritical) refers to port.o(.data.uxCriticalNesting) for [Anonymous Symbol]
    port.o(.ARM.exidx.text.vPortEnterCritical) refers to port.o(.text.vPortEnterCritical) for [Anonymous Symbol]
    port.o(.text.vPortExitCritical) refers to port.o(.data.uxCriticalNesting) for [Anonymous Symbol]
    port.o(.ARM.exidx.text.vPortExitCritical) refers to port.o(.text.vPortExitCritical) for [Anonymous Symbol]
    port.o(.text.PendSV_Handler) refers to tasks.o(.text.vTaskSwitchContext) for vTaskSwitchContext
    port.o(.text.PendSV_Handler) refers to tasks.o(.bss.pxCurrentTCB) for pxCurrentTCB
    port.o(.ARM.exidx.text.PendSV_Handler) refers to port.o(.text.PendSV_Handler) for [Anonymous Symbol]
    port.o(.text.xPortSysTickHandler) refers to tasks.o(.text.xTaskIncrementTick) for xTaskIncrementTick
    port.o(.ARM.exidx.text.xPortSysTickHandler) refers to port.o(.text.xPortSysTickHandler) for [Anonymous Symbol]
    port.o(.text.vPortValidateInterruptPriority) refers to port.o(.bss..L_MergedGlobals) for [Anonymous Symbol]
    port.o(.ARM.exidx.text.vPortValidateInterruptPriority) refers to port.o(.text.vPortValidateInterruptPriority) for [Anonymous Symbol]
    bsp_tim.o(.ARM.exidx.text.HAL_TIM_PeriodElapsedCallback) refers to bsp_tim.o(.text.HAL_TIM_PeriodElapsedCallback) for [Anonymous Symbol]
    motor.o(.text.modify_data) refers to motor.o(.text.crc_ccitt) for crc_ccitt
    motor.o(.ARM.exidx.text.modify_data) refers to motor.o(.text.modify_data) for [Anonymous Symbol]
    motor.o(.text.crc_ccitt) refers to motor.o(.rodata.crc_ccitt_table) for crc_ccitt_table
    motor.o(.ARM.exidx.text.crc_ccitt) refers to motor.o(.text.crc_ccitt) for [Anonymous Symbol]
    motor.o(.text.extract_data) refers to motor.o(.text.crc_ccitt) for crc_ccitt
    motor.o(.ARM.exidx.text.extract_data) refers to motor.o(.text.extract_data) for [Anonymous Symbol]
    motor.o(.text.SERVO_Send_recv) refers to motor.o(.text.modify_data) for modify_data
    motor.o(.text.SERVO_Send_recv) refers to stm32h7xx_hal_gpio.o(.text.HAL_GPIO_WritePin) for HAL_GPIO_WritePin
    motor.o(.text.SERVO_Send_recv) refers to stm32h7xx_hal_uart.o(.text.HAL_UART_Transmit) for HAL_UART_Transmit
    motor.o(.text.SERVO_Send_recv) refers to stm32h7xx_hal_uart_ex.o(.text.HAL_UARTEx_ReceiveToIdle) for HAL_UARTEx_ReceiveToIdle
    motor.o(.text.SERVO_Send_recv) refers to motor.o(.text.extract_data) for extract_data
    motor.o(.text.SERVO_Send_recv) refers to usart.o(.bss.huart2) for huart2
    motor.o(.ARM.exidx.text.SERVO_Send_recv) refers to motor.o(.text.SERVO_Send_recv) for [Anonymous Symbol]
    kinematics.o(.ARM.exidx.text.Pos_To_Angle) refers to kinematics.o(.text.Pos_To_Angle) for [Anonymous Symbol]
    kinematics.o(.text.Angle_To_Pos) refers to fmaxf.o(i.__hardfp_fmaxf) for __hardfp_fmaxf
    kinematics.o(.text.Angle_To_Pos) refers to fminf.o(i.__hardfp_fminf) for __hardfp_fminf
    kinematics.o(.ARM.exidx.text.Angle_To_Pos) refers to kinematics.o(.text.Angle_To_Pos) for [Anonymous Symbol]
    kinematics.o(.text.Leg_Forward_Kinematics_Pos) refers to kinematics.o(.text.Pos_To_Angle) for Pos_To_Angle
    kinematics.o(.text.Leg_Forward_Kinematics_Pos) refers to sinf.o(i.__hardfp_sinf) for __hardfp_sinf
    kinematics.o(.text.Leg_Forward_Kinematics_Pos) refers to cosf.o(i.__hardfp_cosf) for __hardfp_cosf
    kinematics.o(.ARM.exidx.text.Leg_Forward_Kinematics_Pos) refers to kinematics.o(.text.Leg_Forward_Kinematics_Pos) for [Anonymous Symbol]
    kinematics.o(.text.Leg_Inverse_Kinematics) refers to atan2f.o(i.__hardfp_atan2f) for __hardfp_atan2f
    kinematics.o(.text.Leg_Inverse_Kinematics) refers to cosf.o(i.__hardfp_cosf) for __hardfp_cosf
    kinematics.o(.text.Leg_Inverse_Kinematics) refers to sqrtf.o(i.__hardfp_sqrtf) for __hardfp_sqrtf
    kinematics.o(.text.Leg_Inverse_Kinematics) refers to fmaxf.o(i.__hardfp_fmaxf) for __hardfp_fmaxf
    kinematics.o(.text.Leg_Inverse_Kinematics) refers to fminf.o(i.__hardfp_fminf) for __hardfp_fminf
    kinematics.o(.text.Leg_Inverse_Kinematics) refers to acosf.o(i.__hardfp_acosf) for __hardfp_acosf
    kinematics.o(.text.Leg_Inverse_Kinematics) refers to kinematics.o(.text.Angle_To_Pos) for Angle_To_Pos
    kinematics.o(.ARM.exidx.text.Leg_Inverse_Kinematics) refers to kinematics.o(.text.Leg_Inverse_Kinematics) for [Anonymous Symbol]
    kinematics.o(.ARM.exidx.text.Vel_To_Angvel) refers to kinematics.o(.text.Vel_To_Angvel) for [Anonymous Symbol]
    kinematics.o(.text.Angvel_To_Vel) refers to fmaxf.o(i.__hardfp_fmaxf) for __hardfp_fmaxf
    kinematics.o(.text.Angvel_To_Vel) refers to fminf.o(i.__hardfp_fminf) for __hardfp_fminf
    kinematics.o(.ARM.exidx.text.Angvel_To_Vel) refers to kinematics.o(.text.Angvel_To_Vel) for [Anonymous Symbol]
    kinematics.o(.text.Jacobi_Compute) refers to sinf.o(i.__hardfp_sinf) for __hardfp_sinf
    kinematics.o(.text.Jacobi_Compute) refers to cosf.o(i.__hardfp_cosf) for __hardfp_cosf
    kinematics.o(.ARM.exidx.text.Jacobi_Compute) refers to kinematics.o(.text.Jacobi_Compute) for [Anonymous Symbol]
    kinematics.o(.text.Leg_Forward_Kinematics_Vel) refers to rt_memclr_w.o(.text) for __aeabi_memclr4
    kinematics.o(.text.Leg_Forward_Kinematics_Vel) refers to kinematics.o(.text.Jacobi_Compute) for Jacobi_Compute
    kinematics.o(.ARM.exidx.text.Leg_Forward_Kinematics_Vel) refers to kinematics.o(.text.Leg_Forward_Kinematics_Vel) for [Anonymous Symbol]
    kinematics.o(.text.matrix_invert) refers to fabs.o(i.__hardfp_fabs) for __hardfp_fabs
    kinematics.o(.ARM.exidx.text.matrix_invert) refers to kinematics.o(.text.matrix_invert) for [Anonymous Symbol]
    kinematics.o(.ARM.exidx.text.Motor_To_Joint_Torque) refers to kinematics.o(.text.Motor_To_Joint_Torque) for [Anonymous Symbol]
    kinematics.o(.text.Joint_To_Motor_Torque) refers to fmaxf.o(i.__hardfp_fmaxf) for __hardfp_fmaxf
    kinematics.o(.text.Joint_To_Motor_Torque) refers to fminf.o(i.__hardfp_fminf) for __hardfp_fminf
    kinematics.o(.ARM.exidx.text.Joint_To_Motor_Torque) refers to kinematics.o(.text.Joint_To_Motor_Torque) for [Anonymous Symbol]
    kinematics.o(.text.Foot_Force_Estimate) refers to rt_memclr_w.o(.text) for __aeabi_memclr4
    kinematics.o(.text.Foot_Force_Estimate) refers to kinematics.o(.text.Jacobi_Compute) for Jacobi_Compute
    kinematics.o(.text.Foot_Force_Estimate) refers to kinematics.o(.text.matrix_invert) for matrix_invert
    kinematics.o(.text.Foot_Force_Estimate) refers to kinematics.o(.text.Motor_To_Joint_Torque) for Motor_To_Joint_Torque
    kinematics.o(.ARM.exidx.text.Foot_Force_Estimate) refers to kinematics.o(.text.Foot_Force_Estimate) for [Anonymous Symbol]
    kinematics.o(.text.Motor_Torque_Compute) refers to rt_memclr_w.o(.text) for __aeabi_memclr4
    kinematics.o(.text.Motor_Torque_Compute) refers to kinematics.o(.text.Jacobi_Compute) for Jacobi_Compute
    kinematics.o(.text.Motor_Torque_Compute) refers to kinematics.o(.text.Joint_To_Motor_Torque) for Joint_To_Motor_Torque
    kinematics.o(.ARM.exidx.text.Motor_Torque_Compute) refers to kinematics.o(.text.Motor_Torque_Compute) for [Anonymous Symbol]
    pid.o(.text.PID_Init) refers to rt_memclr_w.o(.text) for __aeabi_memclr4
    pid.o(.text.PID_Init) refers to pid.o(.text.PID_Param_Init) for PID_Param_Init
    pid.o(.text.PID_Init) refers to pid.o(.text.PID_Calc_Clear) for PID_Calc_Clear
    pid.o(.ARM.exidx.text.PID_Init) refers to pid.o(.text.PID_Init) for [Anonymous Symbol]
    pid.o(.text.PID_Calc_Clear) refers to rt_memclr_w.o(.text) for __aeabi_memclr4
    pid.o(.ARM.exidx.text.PID_Calc_Clear) refers to pid.o(.text.PID_Calc_Clear) for [Anonymous Symbol]
    pid.o(.ARM.exidx.text.PID_Param_Init) refers to pid.o(.text.PID_Param_Init) for [Anonymous Symbol]
    pid.o(.text.f_PID_Calculate) refers to fabsf.o(i.__hardfp__fabsf) for __hardfp__fabsf
    pid.o(.ARM.exidx.text.f_PID_Calculate) refers to pid.o(.text.f_PID_Calculate) for [Anonymous Symbol]
    trajectory.o(.text.Set_Foot_Pos) refers to kinematics.o(.text.Leg_Inverse_Kinematics) for Leg_Inverse_Kinematics
    trajectory.o(.text.Set_Foot_Pos) refers to kinematics.o(.text.Angle_To_Pos) for Angle_To_Pos
    trajectory.o(.ARM.exidx.text.Set_Foot_Pos) refers to trajectory.o(.text.Set_Foot_Pos) for [Anonymous Symbol]
    rt_memcpy_v6.o(.text) refers to rt_memcpy_w.o(.text) for __aeabi_memcpy4
    aeabi_memset.o(.text) refers to rt_memclr.o(.text) for _memset
    aeabi_memset4.o(.text) refers to rt_memclr_w.o(.text) for _memset_w
    rt_memclr.o(.text) refers to rt_memclr_w.o(.text) for _memset_w
    __main.o(!!!main) refers to __rtentry.o(.ARM.Collect$$rtentry$$00000000) for __rt_entry
    acosf.o(i.__hardfp_acosf) refers (Special) to usenofp.o(x$fpl$usenofp) for __I$use$fp
    acosf.o(i.__hardfp_acosf) refers to sqrtf.o(i.sqrtf) for sqrtf
    acosf.o(i.__hardfp_acosf) refers to funder.o(i.__mathlib_flt_infnan) for __mathlib_flt_infnan
    acosf.o(i.__hardfp_acosf) refers to _rserrno.o(.text) for __set_errno
    acosf.o(i.__hardfp_acosf) refers to funder.o(i.__mathlib_flt_invalid) for __mathlib_flt_invalid
    acosf.o(i.__softfp_acosf) refers (Special) to usenofp.o(x$fpl$usenofp) for __I$use$fp
    acosf.o(i.__softfp_acosf) refers to acosf.o(i.__hardfp_acosf) for __hardfp_acosf
    acosf.o(i.acosf) refers (Special) to usenofp.o(x$fpl$usenofp) for __I$use$fp
    acosf.o(i.acosf) refers to acosf.o(i.__hardfp_acosf) for __hardfp_acosf
    acosf_x.o(i.____hardfp_acosf$lsc) refers (Special) to usenofp.o(x$fpl$usenofp) for __I$use$fp
    acosf_x.o(i.____hardfp_acosf$lsc) refers to sqrtf.o(i.sqrtf) for sqrtf
    acosf_x.o(i.____hardfp_acosf$lsc) refers to funder.o(i.__mathlib_flt_infnan) for __mathlib_flt_infnan
    acosf_x.o(i.____hardfp_acosf$lsc) refers to _rserrno.o(.text) for __set_errno
    acosf_x.o(i.____softfp_acosf$lsc) refers (Special) to usenofp.o(x$fpl$usenofp) for __I$use$fp
    acosf_x.o(i.____softfp_acosf$lsc) refers to acosf_x.o(i.____hardfp_acosf$lsc) for ____hardfp_acosf$lsc
    acosf_x.o(i.__acosf$lsc) refers (Special) to usenofp.o(x$fpl$usenofp) for __I$use$fp
    acosf_x.o(i.__acosf$lsc) refers to acosf_x.o(i.____hardfp_acosf$lsc) for ____hardfp_acosf$lsc
    atan2f.o(i.__hardfp_atan2f) refers (Special) to usenofp.o(x$fpl$usenofp) for __I$use$fp
    atan2f.o(i.__hardfp_atan2f) refers to fpclassifyf.o(i.__ARM_fpclassifyf) for __ARM_fpclassifyf
    atan2f.o(i.__hardfp_atan2f) refers to funder.o(i.__mathlib_flt_underflow) for __mathlib_flt_underflow
    atan2f.o(i.__hardfp_atan2f) refers to _rserrno.o(.text) for __set_errno
    atan2f.o(i.__hardfp_atan2f) refers to funder.o(i.__mathlib_flt_infnan2) for __mathlib_flt_infnan2
    atan2f.o(i.__softfp_atan2f) refers (Special) to usenofp.o(x$fpl$usenofp) for __I$use$fp
    atan2f.o(i.__softfp_atan2f) refers to atan2f.o(i.__hardfp_atan2f) for __hardfp_atan2f
    atan2f.o(i.atan2f) refers (Special) to usenofp.o(x$fpl$usenofp) for __I$use$fp
    atan2f.o(i.atan2f) refers to atan2f.o(i.__hardfp_atan2f) for __hardfp_atan2f
    atan2f_x.o(i.____hardfp_atan2f$lsc) refers (Special) to usenofp.o(x$fpl$usenofp) for __I$use$fp
    atan2f_x.o(i.____hardfp_atan2f$lsc) refers to fpclassifyf.o(i.__ARM_fpclassifyf) for __ARM_fpclassifyf
    atan2f_x.o(i.____hardfp_atan2f$lsc) refers to _rserrno.o(.text) for __set_errno
    atan2f_x.o(i.____hardfp_atan2f$lsc) refers to funder.o(i.__mathlib_flt_infnan2) for __mathlib_flt_infnan2
    atan2f_x.o(i.____softfp_atan2f$lsc) refers (Special) to usenofp.o(x$fpl$usenofp) for __I$use$fp
    atan2f_x.o(i.____softfp_atan2f$lsc) refers to atan2f_x.o(i.____hardfp_atan2f$lsc) for ____hardfp_atan2f$lsc
    atan2f_x.o(i.__atan2f$lsc) refers (Special) to usenofp.o(x$fpl$usenofp) for __I$use$fp
    atan2f_x.o(i.__atan2f$lsc) refers to atan2f_x.o(i.____hardfp_atan2f$lsc) for ____hardfp_atan2f$lsc
    cosf.o(i.__hardfp_cosf) refers (Special) to usenofp.o(x$fpl$usenofp) for __I$use$fp
    cosf.o(i.__hardfp_cosf) refers to rredf.o(i.__mathlib_rredf2) for __mathlib_rredf2
    cosf.o(i.__hardfp_cosf) refers to _rserrno.o(.text) for __set_errno
    cosf.o(i.__hardfp_cosf) refers to funder.o(i.__mathlib_flt_invalid) for __mathlib_flt_invalid
    cosf.o(i.__hardfp_cosf) refers to funder.o(i.__mathlib_flt_infnan) for __mathlib_flt_infnan
    cosf.o(i.__softfp_cosf) refers (Special) to usenofp.o(x$fpl$usenofp) for __I$use$fp
    cosf.o(i.__softfp_cosf) refers to cosf.o(i.__hardfp_cosf) for __hardfp_cosf
    cosf.o(i.cosf) refers (Special) to usenofp.o(x$fpl$usenofp) for __I$use$fp
    cosf.o(i.cosf) refers to cosf.o(i.__hardfp_cosf) for __hardfp_cosf
    cosf_x.o(i.____hardfp_cosf$lsc) refers (Special) to usenofp.o(x$fpl$usenofp) for __I$use$fp
    cosf_x.o(i.____hardfp_cosf$lsc) refers to rredf.o(i.__mathlib_rredf2) for __mathlib_rredf2
    cosf_x.o(i.____hardfp_cosf$lsc) refers to _rserrno.o(.text) for __set_errno
    cosf_x.o(i.____hardfp_cosf$lsc) refers to funder.o(i.__mathlib_flt_infnan) for __mathlib_flt_infnan
    cosf_x.o(i.____softfp_cosf$lsc) refers (Special) to usenofp.o(x$fpl$usenofp) for __I$use$fp
    cosf_x.o(i.____softfp_cosf$lsc) refers to cosf_x.o(i.____hardfp_cosf$lsc) for ____hardfp_cosf$lsc
    cosf_x.o(i.__cosf$lsc) refers (Special) to usenofp.o(x$fpl$usenofp) for __I$use$fp
    cosf_x.o(i.__cosf$lsc) refers to cosf_x.o(i.____hardfp_cosf$lsc) for ____hardfp_cosf$lsc
    fabs.o(i.__hardfp_fabs) refers (Special) to usenofp.o(x$fpl$usenofp) for __I$use$fp
    fabs.o(i.__softfp_fabs) refers (Special) to usenofp.o(x$fpl$usenofp) for __I$use$fp
    fabs.o(i.fabs) refers (Special) to usenofp.o(x$fpl$usenofp) for __I$use$fp
    fabsf.o(i.__hardfp__fabsf) refers (Special) to usenofp.o(x$fpl$usenofp) for __I$use$fp
    fabsf.o(i.__softfp__fabsf) refers (Special) to usenofp.o(x$fpl$usenofp) for __I$use$fp
    fabsf.o(i._fabsf) refers (Special) to usenofp.o(x$fpl$usenofp) for __I$use$fp
    sinf.o(i.__hardfp_sinf) refers (Special) to usenofp.o(x$fpl$usenofp) for __I$use$fp
    sinf.o(i.__hardfp_sinf) refers to rredf.o(i.__mathlib_rredf2) for __mathlib_rredf2
    sinf.o(i.__hardfp_sinf) refers to fpclassifyf.o(i.__ARM_fpclassifyf) for __ARM_fpclassifyf
    sinf.o(i.__hardfp_sinf) refers to funder.o(i.__mathlib_flt_underflow) for __mathlib_flt_underflow
    sinf.o(i.__hardfp_sinf) refers to _rserrno.o(.text) for __set_errno
    sinf.o(i.__hardfp_sinf) refers to funder.o(i.__mathlib_flt_invalid) for __mathlib_flt_invalid
    sinf.o(i.__hardfp_sinf) refers to funder.o(i.__mathlib_flt_infnan) for __mathlib_flt_infnan
    sinf.o(i.__softfp_sinf) refers (Special) to usenofp.o(x$fpl$usenofp) for __I$use$fp
    sinf.o(i.__softfp_sinf) refers to sinf.o(i.__hardfp_sinf) for __hardfp_sinf
    sinf.o(i.sinf) refers (Special) to usenofp.o(x$fpl$usenofp) for __I$use$fp
    sinf.o(i.sinf) refers to sinf.o(i.__hardfp_sinf) for __hardfp_sinf
    sinf_x.o(i.____hardfp_sinf$lsc) refers (Special) to usenofp.o(x$fpl$usenofp) for __I$use$fp
    sinf_x.o(i.____hardfp_sinf$lsc) refers to rredf.o(i.__mathlib_rredf2) for __mathlib_rredf2
    sinf_x.o(i.____hardfp_sinf$lsc) refers to _rserrno.o(.text) for __set_errno
    sinf_x.o(i.____hardfp_sinf$lsc) refers to funder.o(i.__mathlib_flt_infnan) for __mathlib_flt_infnan
    sinf_x.o(i.____softfp_sinf$lsc) refers (Special) to usenofp.o(x$fpl$usenofp) for __I$use$fp
    sinf_x.o(i.____softfp_sinf$lsc) refers to sinf_x.o(i.____hardfp_sinf$lsc) for ____hardfp_sinf$lsc
    sinf_x.o(i.__sinf$lsc) refers (Special) to usenofp.o(x$fpl$usenofp) for __I$use$fp
    sinf_x.o(i.__sinf$lsc) refers to sinf_x.o(i.____hardfp_sinf$lsc) for ____hardfp_sinf$lsc
    sqrtf.o(i.__hardfp_sqrtf) refers (Special) to usenofp.o(x$fpl$usenofp) for __I$use$fp
    sqrtf.o(i.__hardfp_sqrtf) refers to _rserrno.o(.text) for __set_errno
    sqrtf.o(i.__softfp_sqrtf) refers (Special) to usenofp.o(x$fpl$usenofp) for __I$use$fp
    sqrtf.o(i.__softfp_sqrtf) refers to _rserrno.o(.text) for __set_errno
    sqrtf.o(i.sqrtf) refers (Special) to usenofp.o(x$fpl$usenofp) for __I$use$fp
    sqrtf.o(i.sqrtf) refers to _rserrno.o(.text) for __set_errno
    sqrtf_x.o(i.____hardfp_sqrtf$lsc) refers (Special) to usenofp.o(x$fpl$usenofp) for __I$use$fp
    sqrtf_x.o(i.____hardfp_sqrtf$lsc) refers to _rserrno.o(.text) for __set_errno
    sqrtf_x.o(i.____softfp_sqrtf$lsc) refers (Special) to usenofp.o(x$fpl$usenofp) for __I$use$fp
    sqrtf_x.o(i.____softfp_sqrtf$lsc) refers to _rserrno.o(.text) for __set_errno
    sqrtf_x.o(i.__sqrtf$lsc) refers (Special) to usenofp.o(x$fpl$usenofp) for __I$use$fp
    sqrtf_x.o(i.__sqrtf$lsc) refers to _rserrno.o(.text) for __set_errno
    fmaxf.o(i.__hardfp_fmaxf) refers (Special) to usenofp.o(x$fpl$usenofp) for __I$use$fp
    fmaxf.o(i.__hardfp_fmaxf) refers to fcmp4.o(x$fpl$fcmp4) for __ARM_fcmp4
    fmaxf.o(i.fmaxf) refers (Special) to usenofp.o(x$fpl$usenofp) for __I$use$fp
    fmaxf.o(i.fmaxf) refers to fcmp4.o(x$fpl$fcmp4) for __ARM_fcmp4
    fminf.o(i.__hardfp_fminf) refers (Special) to usenofp.o(x$fpl$usenofp) for __I$use$fp
    fminf.o(i.__hardfp_fminf) refers to fcmp4.o(x$fpl$fcmp4) for __ARM_fcmp4
    fminf.o(i.fminf) refers (Special) to usenofp.o(x$fpl$usenofp) for __I$use$fp
    fminf.o(i.fminf) refers to fcmp4.o(x$fpl$fcmp4) for __ARM_fcmp4
    __rtentry.o(.ARM.Collect$$rtentry$$00000000) refers (Special) to __rtentry2.o(.ARM.Collect$$rtentry$$0000000A) for __rt_entry_li
    __rtentry.o(.ARM.Collect$$rtentry$$00000000) refers (Special) to __rtentry2.o(.ARM.Collect$$rtentry$$0000000D) for __rt_entry_main
    __rtentry.o(.ARM.Collect$$rtentry$$00000000) refers (Special) to __rtentry2.o(.ARM.Collect$$rtentry$$0000000C) for __rt_entry_postli_1
    __rtentry.o(.ARM.Collect$$rtentry$$00000000) refers (Special) to __rtentry2.o(.ARM.Collect$$rtentry$$00000009) for __rt_entry_postsh_1
    __rtentry.o(.ARM.Collect$$rtentry$$00000000) refers (Special) to __rtentry2.o(.ARM.Collect$$rtentry$$00000002) for __rt_entry_presh_1
    __rtentry.o(.ARM.Collect$$rtentry$$00000000) refers (Special) to __rtentry4.o(.ARM.Collect$$rtentry$$00000004) for __rt_entry_sh
    aeabi_ldiv0_sigfpe.o(.text) refers to rt_div0.o(.text) for __rt_div0
    _rserrno.o(.text) refers to rt_errno_addr_intlibspace.o(.text) for __aeabi_errno_addr
    fcmp4.o(x$fpl$fcmp4) refers (Special) to usenofp.o(x$fpl$usenofp) for __I$use$fp
    fcmp4.o(x$fpl$fcmp4) refers to fnaninf.o(x$fpl$fnaninf) for __fpl_fnaninf
    fcmp4.o(x$fpl$fcmp4) refers to fcmpi.o(x$fpl$fcmpinf) for __fpl_fcmp_Inf
    fcmp4.o(x$fpl$fcmp4e) refers (Special) to usenofp.o(x$fpl$usenofp) for __I$use$fp
    fcmp4.o(x$fpl$fcmp4e) refers to fnaninf.o(x$fpl$fnaninf) for __fpl_fnaninf
    fcmp4.o(x$fpl$fcmp4e) refers to fcmpi.o(x$fpl$fcmpinf) for __fpl_fcmp_Inf
    fpclassifyf.o(i.__ARM_fpclassifyf) refers (Special) to usenofp.o(x$fpl$usenofp) for __I$use$fp
    rredf.o(i.__mathlib_rredf2) refers (Special) to usenofp.o(x$fpl$usenofp) for __I$use$fp
    rredf.o(i.__mathlib_rredf2) refers to rredf.o(.constdata) for .constdata
    rredf.o(.constdata) refers (Special) to usenofp.o(x$fpl$usenofp) for __I$use$fp
    __rtentry2.o(.ARM.Collect$$rtentry$$00000008) refers to boardinit2.o(.text) for _platform_post_stackheap_init
    __rtentry2.o(.ARM.Collect$$rtentry$$0000000A) refers to libinit.o(.ARM.Collect$$libinit$$00000000) for __rt_lib_init
    __rtentry2.o(.ARM.Collect$$rtentry$$0000000B) refers to boardinit3.o(.text) for _platform_post_lib_init
    __rtentry2.o(.ARM.Collect$$rtentry$$0000000D) refers to main.o(.text.main) for main
    __rtentry2.o(.ARM.Collect$$rtentry$$0000000D) refers to exit.o(.text) for exit
    __rtentry2.o(.ARM.exidx) refers to __rtentry2.o(.ARM.Collect$$rtentry$$00000001) for .ARM.Collect$$rtentry$$00000001
    __rtentry2.o(.ARM.exidx) refers to __rtentry2.o(.ARM.Collect$$rtentry$$00000008) for .ARM.Collect$$rtentry$$00000008
    __rtentry2.o(.ARM.exidx) refers to __rtentry2.o(.ARM.Collect$$rtentry$$0000000A) for .ARM.Collect$$rtentry$$0000000A
    __rtentry2.o(.ARM.exidx) refers to __rtentry2.o(.ARM.Collect$$rtentry$$0000000B) for .ARM.Collect$$rtentry$$0000000B
    __rtentry2.o(.ARM.exidx) refers to __rtentry2.o(.ARM.Collect$$rtentry$$0000000D) for .ARM.Collect$$rtentry$$0000000D
    __rtentry4.o(.ARM.Collect$$rtentry$$00000004) refers to sys_stackheap_outer.o(.text) for __user_setup_stackheap
    __rtentry4.o(.ARM.exidx) refers to __rtentry4.o(.ARM.Collect$$rtentry$$00000004) for .ARM.Collect$$rtentry$$00000004
    rt_div0.o(.text) refers to defsig_fpe_outer.o(.text) for __rt_SIGFPE
    rt_errno_addr.o(.text) refers to rt_errno_addr.o(.bss) for __aeabi_errno_addr_data
    rt_errno_addr_intlibspace.o(.text) refers to libspace.o(.bss) for __libspace_start
    fcmpi.o(x$fpl$fcmpinf) refers (Special) to usenofp.o(x$fpl$usenofp) for __I$use$fp
    fnaninf.o(x$fpl$fnaninf) refers (Special) to usenofp.o(x$fpl$usenofp) for __I$use$fp
    libspace.o(.text) refers to libspace.o(.bss) for __libspace_start
    sys_stackheap_outer.o(.text) refers to libspace.o(.text) for __user_perproc_libspace
    sys_stackheap_outer.o(.text) refers to startup_stm32h723xx.o(.text) for __user_initial_stackheap
    exit.o(.text) refers to rtexit.o(.ARM.Collect$$rtexit$$00000000) for __rt_exit
    defsig_fpe_outer.o(.text) refers to defsig_fpe_inner.o(.text) for __rt_SIGFPE_inner
    defsig_fpe_outer.o(.text) refers to defsig_exit.o(.text) for __sig_exit
    defsig_fpe_formal.o(.text) refers to rt_raise.o(.text) for __rt_raise
    libinit.o(.ARM.Collect$$libinit$$00000000) refers (Special) to libinit2.o(.ARM.Collect$$libinit$$0000002E) for __rt_lib_init_alloca_1
    libinit.o(.ARM.Collect$$libinit$$00000000) refers (Special) to libinit2.o(.ARM.Collect$$libinit$$0000002C) for __rt_lib_init_argv_1
    libinit.o(.ARM.Collect$$libinit$$00000000) refers (Special) to libinit2.o(.ARM.Collect$$libinit$$0000001B) for __rt_lib_init_atexit_1
    libinit.o(.ARM.Collect$$libinit$$00000000) refers (Special) to libinit2.o(.ARM.Collect$$libinit$$00000021) for __rt_lib_init_clock_1
    libinit.o(.ARM.Collect$$libinit$$00000000) refers (Special) to libinit2.o(.ARM.Collect$$libinit$$00000032) for __rt_lib_init_cpp_1
    libinit.o(.ARM.Collect$$libinit$$00000000) refers (Special) to libinit2.o(.ARM.Collect$$libinit$$00000030) for __rt_lib_init_exceptions_1
    libinit.o(.ARM.Collect$$libinit$$00000000) refers (Special) to libinit2.o(.ARM.Collect$$libinit$$00000001) for __rt_lib_init_fp_1
    libinit.o(.ARM.Collect$$libinit$$00000000) refers (Special) to libinit2.o(.ARM.Collect$$libinit$$0000001F) for __rt_lib_init_fp_trap_1
    libinit.o(.ARM.Collect$$libinit$$00000000) refers (Special) to libinit2.o(.ARM.Collect$$libinit$$00000023) for __rt_lib_init_getenv_1
    libinit.o(.ARM.Collect$$libinit$$00000000) refers (Special) to libinit2.o(.ARM.Collect$$libinit$$0000000A) for __rt_lib_init_heap_1
    libinit.o(.ARM.Collect$$libinit$$00000000) refers (Special) to libinit2.o(.ARM.Collect$$libinit$$00000011) for __rt_lib_init_lc_collate_1
    libinit.o(.ARM.Collect$$libinit$$00000000) refers (Special) to libinit2.o(.ARM.Collect$$libinit$$00000013) for __rt_lib_init_lc_ctype_1
    libinit.o(.ARM.Collect$$libinit$$00000000) refers (Special) to libinit2.o(.ARM.Collect$$libinit$$00000015) for __rt_lib_init_lc_monetary_1
    libinit.o(.ARM.Collect$$libinit$$00000000) refers (Special) to libinit2.o(.ARM.Collect$$libinit$$00000017) for __rt_lib_init_lc_numeric_1
    libinit.o(.ARM.Collect$$libinit$$00000000) refers (Special) to libinit2.o(.ARM.Collect$$libinit$$00000019) for __rt_lib_init_lc_time_1
    libinit.o(.ARM.Collect$$libinit$$00000000) refers (Special) to libinit2.o(.ARM.Collect$$libinit$$00000004) for __rt_lib_init_preinit_1
    libinit.o(.ARM.Collect$$libinit$$00000000) refers (Special) to libinit2.o(.ARM.Collect$$libinit$$0000000E) for __rt_lib_init_rand_1
    libinit.o(.ARM.Collect$$libinit$$00000000) refers (Special) to libinit2.o(.ARM.Collect$$libinit$$00000033) for __rt_lib_init_return
    libinit.o(.ARM.Collect$$libinit$$00000000) refers (Special) to libinit2.o(.ARM.Collect$$libinit$$0000001D) for __rt_lib_init_signal_1
    libinit.o(.ARM.Collect$$libinit$$00000000) refers (Special) to libinit2.o(.ARM.Collect$$libinit$$00000025) for __rt_lib_init_stdio_1
    libinit.o(.ARM.Collect$$libinit$$00000000) refers (Special) to libinit2.o(.ARM.Collect$$libinit$$0000000C) for __rt_lib_init_user_alloc_1
    rtexit.o(.ARM.Collect$$rtexit$$00000000) refers (Special) to rtexit2.o(.ARM.Collect$$rtexit$$00000004) for __rt_exit_exit
    rtexit.o(.ARM.Collect$$rtexit$$00000000) refers (Special) to rtexit2.o(.ARM.Collect$$rtexit$$00000003) for __rt_exit_ls
    rtexit.o(.ARM.Collect$$rtexit$$00000000) refers (Special) to rtexit2.o(.ARM.Collect$$rtexit$$00000002) for __rt_exit_prels_1
    rtexit.o(.ARM.exidx) refers (Special) to rtexit2.o(.ARM.Collect$$rtexit$$00000004) for __rt_exit_exit
    rtexit.o(.ARM.exidx) refers (Special) to rtexit2.o(.ARM.Collect$$rtexit$$00000003) for __rt_exit_ls
    rtexit.o(.ARM.exidx) refers (Special) to rtexit2.o(.ARM.Collect$$rtexit$$00000002) for __rt_exit_prels_1
    rtexit.o(.ARM.exidx) refers to rtexit.o(.ARM.Collect$$rtexit$$00000000) for .ARM.Collect$$rtexit$$00000000
    rt_raise.o(.text) refers to __raise.o(.text) for __raise
    rt_raise.o(.text) refers to sys_exit.o(.text) for _sys_exit
    defsig_exit.o(.text) refers to sys_exit.o(.text) for _sys_exit
    defsig_fpe_inner.o(.text) refers to defsig_general.o(.text) for __default_signal_display
    libinit2.o(.ARM.Collect$$libinit$$00000001) refers to fpinit.o(x$fpl$fpinit) for _fp_init
    libinit2.o(.ARM.Collect$$libinit$$00000010) refers to libinit2.o(.ARM.Collect$$libinit$$0000000F) for .ARM.Collect$$libinit$$0000000F
    libinit2.o(.ARM.Collect$$libinit$$00000012) refers to libinit2.o(.ARM.Collect$$libinit$$0000000F) for .ARM.Collect$$libinit$$0000000F
    libinit2.o(.ARM.Collect$$libinit$$00000014) refers to libinit2.o(.ARM.Collect$$libinit$$0000000F) for .ARM.Collect$$libinit$$0000000F
    libinit2.o(.ARM.Collect$$libinit$$00000016) refers to libinit2.o(.ARM.Collect$$libinit$$0000000F) for .ARM.Collect$$libinit$$0000000F
    libinit2.o(.ARM.Collect$$libinit$$00000018) refers to libinit2.o(.ARM.Collect$$libinit$$0000000F) for .ARM.Collect$$libinit$$0000000F
    libinit2.o(.ARM.Collect$$libinit$$00000026) refers to argv_veneer.o(.emb_text) for __ARM_argv_veneer
    libinit2.o(.ARM.Collect$$libinit$$00000027) refers to argv_veneer.o(.emb_text) for __ARM_argv_veneer
    sys_exit.o(.text) refers (Special) to use_no_semi.o(.text) for __I$use$semihosting
    sys_exit.o(.text) refers (Special) to indicate_semi.o(.text) for __semihosting_library_function
    sys_exit_hlt.o(.text) refers (Special) to use_no_semi.o(.text) for __I$use$semihosting
    sys_exit_hlt.o(.text) refers (Special) to indicate_semi.o(.text) for __semihosting_library_function
    rtexit2.o(.ARM.Collect$$rtexit$$00000003) refers to libshutdown.o(.ARM.Collect$$libshutdown$$00000000) for __rt_lib_shutdown
    rtexit2.o(.ARM.Collect$$rtexit$$00000004) refers to sys_exit.o(.text) for _sys_exit
    rtexit2.o(.ARM.exidx) refers to rtexit2.o(.ARM.Collect$$rtexit$$00000001) for .ARM.Collect$$rtexit$$00000001
    rtexit2.o(.ARM.exidx) refers to rtexit2.o(.ARM.Collect$$rtexit$$00000003) for .ARM.Collect$$rtexit$$00000003
    rtexit2.o(.ARM.exidx) refers to rtexit2.o(.ARM.Collect$$rtexit$$00000004) for .ARM.Collect$$rtexit$$00000004
    __raise.o(.text) refers to defsig.o(CL$$defsig) for __default_signal_handler
    defsig_general.o(.text) refers to sys_wrch.o(.text) for _ttywrch
    argv_veneer.o(.emb_text) refers to no_argv.o(.text) for __ARM_get_argv
    sys_wrch.o(.text) refers (Special) to use_no_semi.o(.text) for __I$use$semihosting
    sys_wrch.o(.text) refers (Special) to indicate_semi.o(.text) for __semihosting_library_function
    sys_wrch_hlt.o(.text) refers (Special) to use_no_semi.o(.text) for __I$use$semihosting
    sys_wrch_hlt.o(.text) refers (Special) to indicate_semi.o(.text) for __semihosting_library_function
    defsig.o(CL$$defsig) refers to defsig_fpe_inner.o(.text) for __rt_SIGFPE_inner
    defsig.o(CL$$defsig) refers to defsig_rtmem_inner.o(.text) for __rt_SIGRTMEM_inner
    _get_argv_nomalloc.o(.text) refers (Special) to hrguard.o(.text) for __heap_region$guard
    _get_argv_nomalloc.o(.text) refers to defsig_rtmem_outer.o(.text) for __rt_SIGRTMEM
    _get_argv_nomalloc.o(.text) refers to sys_command.o(.text) for _sys_command_string
    libshutdown.o(.ARM.Collect$$libshutdown$$00000000) refers (Special) to libshutdown2.o(.ARM.Collect$$libshutdown$$00000002) for __rt_lib_shutdown_cpp_1
    libshutdown.o(.ARM.Collect$$libshutdown$$00000000) refers (Special) to libshutdown2.o(.ARM.Collect$$libshutdown$$00000007) for __rt_lib_shutdown_fp_trap_1
    libshutdown.o(.ARM.Collect$$libshutdown$$00000000) refers (Special) to libshutdown2.o(.ARM.Collect$$libshutdown$$0000000F) for __rt_lib_shutdown_heap_1
    libshutdown.o(.ARM.Collect$$libshutdown$$00000000) refers (Special) to libshutdown2.o(.ARM.Collect$$libshutdown$$00000010) for __rt_lib_shutdown_return
    libshutdown.o(.ARM.Collect$$libshutdown$$00000000) refers (Special) to libshutdown2.o(.ARM.Collect$$libshutdown$$0000000A) for __rt_lib_shutdown_signal_1
    libshutdown.o(.ARM.Collect$$libshutdown$$00000000) refers (Special) to libshutdown2.o(.ARM.Collect$$libshutdown$$00000004) for __rt_lib_shutdown_stdio_1
    libshutdown.o(.ARM.Collect$$libshutdown$$00000000) refers (Special) to libshutdown2.o(.ARM.Collect$$libshutdown$$0000000C) for __rt_lib_shutdown_user_alloc_1
    sys_command.o(.text) refers (Special) to use_no_semi.o(.text) for __I$use$semihosting
    sys_command.o(.text) refers (Special) to indicate_semi.o(.text) for __semihosting_library_function
    sys_command_hlt.o(.text) refers (Special) to use_no_semi.o(.text) for __I$use$semihosting
    sys_command_hlt.o(.text) refers (Special) to indicate_semi.o(.text) for __semihosting_library_function
    defsig_abrt_inner.o(.text) refers to defsig_general.o(.text) for __default_signal_display
    defsig_rtred_inner.o(.text) refers to defsig_general.o(.text) for __default_signal_display
    defsig_rtmem_inner.o(.text) refers to defsig_general.o(.text) for __default_signal_display
    defsig_rtmem_outer.o(.text) refers to defsig_rtmem_inner.o(.text) for __rt_SIGRTMEM_inner
    defsig_rtmem_outer.o(.text) refers to defsig_exit.o(.text) for __sig_exit
    defsig_rtmem_formal.o(.text) refers to rt_raise.o(.text) for __rt_raise
    defsig_stak_inner.o(.text) refers to defsig_general.o(.text) for __default_signal_display
    defsig_pvfn_inner.o(.text) refers to defsig_general.o(.text) for __default_signal_display
    defsig_cppl_inner.o(.text) refers to defsig_general.o(.text) for __default_signal_display
    defsig_segv_inner.o(.text) refers to defsig_general.o(.text) for __default_signal_display
    defsig_other.o(.text) refers to defsig_general.o(.text) for __default_signal_display

